Archive member included to satisfy reference by file (symbol)

/Users/anita/opt/gcc-arm-none-eabi-7-2017-q4-major/bin/../lib/gcc/arm-none-eabi/7.2.1/../../../../arm-none-eabi/lib/thumb/v7e-m/fpv4-sp/hard/libc_nano.a(lib_a-exit.o)
                              /Users/anita/opt/gcc-arm-none-eabi-7-2017-q4-major/bin/../lib/gcc/arm-none-eabi/7.2.1/../../../../arm-none-eabi/lib/thumb/v7e-m/fpv4-sp/hard/crt0.o (exit)
/Users/anita/opt/gcc-arm-none-eabi-7-2017-q4-major/bin/../lib/gcc/arm-none-eabi/7.2.1/../../../../arm-none-eabi/lib/thumb/v7e-m/fpv4-sp/hard/libc_nano.a(lib_a-impure.o)
                              /Users/anita/opt/gcc-arm-none-eabi-7-2017-q4-major/bin/../lib/gcc/arm-none-eabi/7.2.1/../../../../arm-none-eabi/lib/thumb/v7e-m/fpv4-sp/hard/libc_nano.a(lib_a-exit.o) (_global_impure_ptr)
/Users/anita/opt/gcc-arm-none-eabi-7-2017-q4-major/bin/../lib/gcc/arm-none-eabi/7.2.1/../../../../arm-none-eabi/lib/thumb/v7e-m/fpv4-sp/hard/libc_nano.a(lib_a-init.o)
                              /Users/anita/opt/gcc-arm-none-eabi-7-2017-q4-major/bin/../lib/gcc/arm-none-eabi/7.2.1/../../../../arm-none-eabi/lib/thumb/v7e-m/fpv4-sp/hard/crt0.o (__libc_init_array)
/Users/anita/opt/gcc-arm-none-eabi-7-2017-q4-major/bin/../lib/gcc/arm-none-eabi/7.2.1/../../../../arm-none-eabi/lib/thumb/v7e-m/fpv4-sp/hard/libc_nano.a(lib_a-locale.o)
                              _build/nrf52832_xxaa/nrf_log_str_formatter.c.o (__locale_ctype_ptr)
/Users/anita/opt/gcc-arm-none-eabi-7-2017-q4-major/bin/../lib/gcc/arm-none-eabi/7.2.1/../../../../arm-none-eabi/lib/thumb/v7e-m/fpv4-sp/hard/libc_nano.a(lib_a-mbtowc_r.o)
                              /Users/anita/opt/gcc-arm-none-eabi-7-2017-q4-major/bin/../lib/gcc/arm-none-eabi/7.2.1/../../../../arm-none-eabi/lib/thumb/v7e-m/fpv4-sp/hard/libc_nano.a(lib_a-locale.o) (__ascii_mbtowc)
/Users/anita/opt/gcc-arm-none-eabi-7-2017-q4-major/bin/../lib/gcc/arm-none-eabi/7.2.1/../../../../arm-none-eabi/lib/thumb/v7e-m/fpv4-sp/hard/libc_nano.a(lib_a-memcpy-stub.o)
                              _build/nrf52832_xxaa/nrf_log_frontend.c.o (memcpy)
/Users/anita/opt/gcc-arm-none-eabi-7-2017-q4-major/bin/../lib/gcc/arm-none-eabi/7.2.1/../../../../arm-none-eabi/lib/thumb/v7e-m/fpv4-sp/hard/libc_nano.a(lib_a-memset.o)
                              /Users/anita/opt/gcc-arm-none-eabi-7-2017-q4-major/bin/../lib/gcc/arm-none-eabi/7.2.1/../../../../arm-none-eabi/lib/thumb/v7e-m/fpv4-sp/hard/crt0.o (memset)
/Users/anita/opt/gcc-arm-none-eabi-7-2017-q4-major/bin/../lib/gcc/arm-none-eabi/7.2.1/../../../../arm-none-eabi/lib/thumb/v7e-m/fpv4-sp/hard/libc_nano.a(lib_a-strcmp.o)
                              /Users/anita/opt/gcc-arm-none-eabi-7-2017-q4-major/bin/../lib/gcc/arm-none-eabi/7.2.1/../../../../arm-none-eabi/lib/thumb/v7e-m/fpv4-sp/hard/libc_nano.a(lib_a-locale.o) (strcmp)
/Users/anita/opt/gcc-arm-none-eabi-7-2017-q4-major/bin/../lib/gcc/arm-none-eabi/7.2.1/../../../../arm-none-eabi/lib/thumb/v7e-m/fpv4-sp/hard/libc_nano.a(lib_a-strcpy.o)
                              _build/nrf52832_xxaa/SEGGER_RTT.c.o (strcpy)
/Users/anita/opt/gcc-arm-none-eabi-7-2017-q4-major/bin/../lib/gcc/arm-none-eabi/7.2.1/../../../../arm-none-eabi/lib/thumb/v7e-m/fpv4-sp/hard/libc_nano.a(lib_a-strlen.o)
                              _build/nrf52832_xxaa/nrf_log_frontend.c.o (strlen)
/Users/anita/opt/gcc-arm-none-eabi-7-2017-q4-major/bin/../lib/gcc/arm-none-eabi/7.2.1/../../../../arm-none-eabi/lib/thumb/v7e-m/fpv4-sp/hard/libc_nano.a(lib_a-wctomb_r.o)
                              /Users/anita/opt/gcc-arm-none-eabi-7-2017-q4-major/bin/../lib/gcc/arm-none-eabi/7.2.1/../../../../arm-none-eabi/lib/thumb/v7e-m/fpv4-sp/hard/libc_nano.a(lib_a-locale.o) (__ascii_wctomb)
/Users/anita/opt/gcc-arm-none-eabi-7-2017-q4-major/bin/../lib/gcc/arm-none-eabi/7.2.1/../../../../arm-none-eabi/lib/thumb/v7e-m/fpv4-sp/hard/libc_nano.a(lib_a-ctype_.o)
                              /Users/anita/opt/gcc-arm-none-eabi-7-2017-q4-major/bin/../lib/gcc/arm-none-eabi/7.2.1/../../../../arm-none-eabi/lib/thumb/v7e-m/fpv4-sp/hard/libc_nano.a(lib_a-locale.o) (_ctype_)
/Users/anita/opt/gcc-arm-none-eabi-7-2017-q4-major/bin/../lib/gcc/arm-none-eabi/7.2.1/../../../../arm-none-eabi/lib/thumb/v7e-m/fpv4-sp/hard/libnosys.a(_exit.o)
                              /Users/anita/opt/gcc-arm-none-eabi-7-2017-q4-major/bin/../lib/gcc/arm-none-eabi/7.2.1/../../../../arm-none-eabi/lib/thumb/v7e-m/fpv4-sp/hard/libc_nano.a(lib_a-exit.o) (_exit)

Allocating common symbols
Common symbol       size              file

nrf_drv_uart_use_easy_dma
                    0x1               _build/nrf52832_xxaa/nrf_drv_uart.c.o
_SEGGER_RTT         0x78              _build/nrf52832_xxaa/SEGGER_RTT.c.o

Discarded input sections

 .text          0x0000000000000000        0x0 /Users/anita/opt/gcc-arm-none-eabi-7-2017-q4-major/bin/../lib/gcc/arm-none-eabi/7.2.1/thumb/v7e-m/fpv4-sp/hard/crti.o
[...]
Memory Configuration

Name             Origin             Length             Attributes
FLASH            0x0000000000000000 0x0000000000080000 xr
RAM              0x0000000020000000 0x0000000000010000 xrw
*default*        0x0000000000000000 0xffffffffffffffff

Linker script and memory map


.text           0x0000000000000000     0x34ac
 *(.isr_vector)
 .isr_vector    0x0000000000000000      0x200 _build/nrf52832_xxaa/gcc_startup_nrf52.S.o
                0x0000000000000000                __isr_vector
 *(.text*)
 .text          0x0000000000000200       0x40 /Users/anita/opt/gcc-arm-none-eabi-7-2017-q4-major/bin/../lib/gcc/arm-none-eabi/7.2.1/thumb/v7e-m/fpv4-sp/hard/crtbegin.o
 .text          0x0000000000000240       0x74 /Users/anita/opt/gcc-arm-none-eabi-7-2017-q4-major/bin/../lib/gcc/arm-none-eabi/7.2.1/../../../../arm-none-eabi/lib/thumb/v7e-m/fpv4-sp/hard/crt0.o
                0x0000000000000240                _mainCRTStartup
                0x0000000000000240                _start
 .text          0x00000000000002b4       0x3c _build/nrf52832_xxaa/gcc_startup_nrf52.S.o
                0x00000000000002b4                Reset_Handler
                0x00000000000002dc                NMI_Handler
                0x00000000000002de                HardFault_Handler
                0x00000000000002e0                MemoryManagement_Handler
                0x00000000000002e2                BusFault_Handler
                0x00000000000002e4                UsageFault_Handler
                0x00000000000002e6                SVC_Handler
                0x00000000000002e8                DebugMon_Handler
                0x00000000000002ea                PendSV_Handler
                0x00000000000002ec                SysTick_Handler
                0x00000000000002ee                QDEC_IRQHandler
                0x00000000000002ee                TIMER3_IRQHandler
                0x00000000000002ee                FPU_IRQHandler
                0x00000000000002ee                SPIM0_SPIS0_TWIM0_TWIS0_SPI0_TWI0_IRQHandler
                0x00000000000002ee                TIMER4_IRQHandler
                0x00000000000002ee                I2S_IRQHandler
                0x00000000000002ee                SWI4_EGU4_IRQHandler
                0x00000000000002ee                TIMER1_IRQHandler
                0x00000000000002ee                PWM2_IRQHandler
                0x00000000000002ee                ECB_IRQHandler
                0x00000000000002ee                SPIM1_SPIS1_TWIM1_TWIS1_SPI1_TWI1_IRQHandler
                0x00000000000002ee                Default_Handler
                0x00000000000002ee                CCM_AAR_IRQHandler
                0x00000000000002ee                WDT_IRQHandler
                0x00000000000002ee                SWI5_EGU5_IRQHandler
                0x00000000000002ee                RNG_IRQHandler
                0x00000000000002ee                RTC2_IRQHandler
                0x00000000000002ee                PWM0_IRQHandler
                0x00000000000002ee                SWI3_EGU3_IRQHandler
                0x00000000000002ee                RTC1_IRQHandler
                0x00000000000002ee                SWI1_EGU1_IRQHandler
                0x00000000000002ee                SPIM2_SPIS2_SPI2_IRQHandler
                0x00000000000002ee                NFCT_IRQHandler
                0x00000000000002ee                MWU_IRQHandler
                0x00000000000002ee                TIMER2_IRQHandler
                0x00000000000002ee                COMP_LPCOMP_IRQHandler
                0x00000000000002ee                RTC0_IRQHandler
                0x00000000000002ee                SWI0_EGU0_IRQHandler
                0x00000000000002ee                SWI2_EGU2_IRQHandler
                0x00000000000002ee                GPIOTE_IRQHandler
                0x00000000000002ee                PWM1_IRQHandler
                0x00000000000002ee                POWER_CLOCK_IRQHandler
                0x00000000000002ee                RADIO_IRQHandler
                0x00000000000002ee                PDM_IRQHandler
                0x00000000000002ee                TEMP_IRQHandler
 .text.nrf_log_backend_serial_put
                0x00000000000002f0       0xd4 _build/nrf52832_xxaa/nrf_log_backend_serial.c.o
                0x00000000000002f0                nrf_log_backend_serial_put
 .text.uart_evt_handler
                0x00000000000003c4        0xc _build/nrf52832_xxaa/nrf_log_backend_uart.c.o
 .text.nrf_log_backend_uart_flush
                0x00000000000003d0        0x4 _build/nrf52832_xxaa/nrf_log_backend_uart.c.o
 .text.nrf_log_backend_uart_put
                0x00000000000003d4       0x20 _build/nrf52832_xxaa/nrf_log_backend_uart.c.o
 .text.serial_tx
                0x00000000000003f4       0x4c _build/nrf52832_xxaa/nrf_log_backend_uart.c.o
 .text.nrf_log_backend_uart_panic_set
                0x0000000000000440       0x60 _build/nrf52832_xxaa/nrf_log_backend_uart.c.o
 .text.nrf_log_backend_uart_init
                0x00000000000004a0       0x48 _build/nrf52832_xxaa/nrf_log_backend_uart.c.o
                0x00000000000004a0                nrf_log_backend_uart_init
 .text.nrf_log_default_backends_init
                0x00000000000004e8       0x20 _build/nrf52832_xxaa/nrf_log_default_backends.c.o
                0x00000000000004e8                nrf_log_default_backends_init
 .text.log_skip
                0x0000000000000508       0xd4 _build/nrf52832_xxaa/nrf_log_frontend.c.o
 .text.nrf_log_init
                0x00000000000005dc       0x3c _build/nrf52832_xxaa/nrf_log_frontend.c.o
                0x00000000000005dc                nrf_log_init
 .text.nrf_log_module_name_get
                0x0000000000000618       0x58 _build/nrf52832_xxaa/nrf_log_frontend.c.o
                0x0000000000000618                nrf_log_module_name_get
 .text.nrf_log_color_id_get
                0x0000000000000670       0x2c _build/nrf52832_xxaa/nrf_log_frontend.c.o
                0x0000000000000670                nrf_log_color_id_get
 .text.nrf_log_frontend_std_0
                0x000000000000069c       0xe4 _build/nrf52832_xxaa/nrf_log_frontend.c.o
                0x000000000000069c                nrf_log_frontend_std_0
 .text.nrf_log_frontend_dequeue.part.6
                0x0000000000000780      0x264 _build/nrf52832_xxaa/nrf_log_frontend.c.o
 .text.nrf_log_frontend_std_1
                0x00000000000009e4       0xf0 _build/nrf52832_xxaa/nrf_log_frontend.c.o
                0x00000000000009e4                nrf_log_frontend_std_1
 .text.nrf_log_frontend_dequeue
                0x0000000000000ad4       0x18 _build/nrf52832_xxaa/nrf_log_frontend.c.o
                0x0000000000000ad4                nrf_log_frontend_dequeue
 .text.nrf_log_backend_add
                0x0000000000000aec       0x68 _build/nrf52832_xxaa/nrf_log_frontend.c.o
                0x0000000000000aec                nrf_log_backend_add
 .text.nrf_log_panic
                0x0000000000000b54       0x2c _build/nrf52832_xxaa/nrf_log_frontend.c.o
                0x0000000000000b54                nrf_log_panic
 .text.nrf_log_std_entry_process
                0x0000000000000b80      0x14c _build/nrf52832_xxaa/nrf_log_str_formatter.c.o
                0x0000000000000b80                nrf_log_std_entry_process
 .text.nrf_log_hexdump_entry_process
                0x0000000000000ccc      0x15c _build/nrf52832_xxaa/nrf_log_str_formatter.c.o
                0x0000000000000ccc                nrf_log_hexdump_entry_process
 .text.app_error_handler_bare
                0x0000000000000e28       0x20 _build/nrf52832_xxaa/app_error.c.o
                0x0000000000000e28                app_error_handler_bare
 .text.app_error_fault_handler
                0x0000000000000e48       0x70 _build/nrf52832_xxaa/app_error_weak.c.o
                0x0000000000000e48                app_error_fault_handler
 .text.app_util_critical_region_enter
                0x0000000000000eb8       0x10 _build/nrf52832_xxaa/app_util_platform.c.o
                0x0000000000000eb8                app_util_critical_region_enter
 .text.app_util_critical_region_exit
                0x0000000000000ec8       0x14 _build/nrf52832_xxaa/app_util_platform.c.o
                0x0000000000000ec8                app_util_critical_region_exit
 .text.nrf_atomic_u32_fetch_store
                0x0000000000000edc       0x14 _build/nrf52832_xxaa/nrf_atomic.c.o
                0x0000000000000edc                nrf_atomic_u32_fetch_store
 .text.nrf_atomic_u32_add
                0x0000000000000ef0       0x18 _build/nrf52832_xxaa/nrf_atomic.c.o
                0x0000000000000ef0                nrf_atomic_u32_add
 .text.nrf_atomic_u32_sub
                0x0000000000000f08       0x18 _build/nrf52832_xxaa/nrf_atomic.c.o
                0x0000000000000f08                nrf_atomic_u32_sub
 .text.nrf_atomic_flag_set
                0x0000000000000f20       0x18 _build/nrf52832_xxaa/nrf_atomic.c.o
                0x0000000000000f20                nrf_atomic_flag_set
 .text.nrf_atomic_flag_clear_fetch
                0x0000000000000f38       0x18 _build/nrf52832_xxaa/nrf_atomic.c.o
                0x0000000000000f38                nrf_atomic_flag_clear_fetch
 .text.nrf_balloc_init
                0x0000000000000f50       0x38 _build/nrf52832_xxaa/nrf_balloc.c.o
                0x0000000000000f50                nrf_balloc_init
 .text.nrf_balloc_alloc
                0x0000000000000f88       0x44 _build/nrf52832_xxaa/nrf_balloc.c.o
                0x0000000000000f88                nrf_balloc_alloc
 .text.nrf_balloc_free
                0x0000000000000fcc       0x2c _build/nrf52832_xxaa/nrf_balloc.c.o
                0x0000000000000fcc                nrf_balloc_free
 .text.nrf_fprintf_buffer_flush
                0x0000000000000ff8       0x18 _build/nrf52832_xxaa/nrf_fprintf.c.o
                0x0000000000000ff8                nrf_fprintf_buffer_flush
 .text.nrf_fprintf
                0x0000000000001010       0x20 _build/nrf52832_xxaa/nrf_fprintf.c.o
                0x0000000000001010                nrf_fprintf
 .text.unsigned_print
                0x0000000000001030      0x10c _build/nrf52832_xxaa/nrf_fprintf_format.c.o
 .text.nrf_fprintf_fmt
                0x000000000000113c      0x5bc _build/nrf52832_xxaa/nrf_fprintf_format.c.o
                0x000000000000113c                nrf_fprintf_fmt
 .text.nrf_memobj_pool_init
                0x00000000000016f8        0x4 _build/nrf52832_xxaa/nrf_memobj.c.o
                0x00000000000016f8                nrf_memobj_pool_init
 .text.nrf_memobj_alloc
                0x00000000000016fc       0x84 _build/nrf52832_xxaa/nrf_memobj.c.o
                0x00000000000016fc                nrf_memobj_alloc
 .text.nrf_memobj_get
                0x0000000000001780        0x8 _build/nrf52832_xxaa/nrf_memobj.c.o
                0x0000000000001780                nrf_memobj_get
 .text.nrf_memobj_put
                0x0000000000001788       0x44 _build/nrf52832_xxaa/nrf_memobj.c.o
                0x0000000000001788                nrf_memobj_put
 .text.nrf_memobj_write
                0x00000000000017cc       0x68 _build/nrf52832_xxaa/nrf_memobj.c.o
                0x00000000000017cc                nrf_memobj_write
 .text.nrf_memobj_read
                0x0000000000001834       0x68 _build/nrf52832_xxaa/nrf_memobj.c.o
                0x0000000000001834                nrf_memobj_read
 .text.nrf_pwr_mgmt_init
                0x000000000000189c       0x2c _build/nrf52832_xxaa/nrf_pwr_mgmt.c.o
                0x000000000000189c                nrf_pwr_mgmt_init
 .text.nrf_pwr_mgmt_run
                0x00000000000018c8       0x34 _build/nrf52832_xxaa/nrf_pwr_mgmt.c.o
                0x00000000000018c8                nrf_pwr_mgmt_run
 .text.nrf_ringbuf_init
                0x00000000000018fc       0x1c _build/nrf52832_xxaa/nrf_ringbuf.c.o
                0x00000000000018fc                nrf_ringbuf_init
 .text.nrf_section_iter_init
                0x0000000000001918       0x14 _build/nrf52832_xxaa/nrf_section_iter.c.o
                0x0000000000001918                nrf_section_iter_init
 .text.nrf_drv_ppi_init
                0x000000000000192c       0x14 _build/nrf52832_xxaa/nrf_drv_ppi.c.o
                0x000000000000192c                nrf_drv_ppi_init
 .text.uarte_evt_handler
                0x0000000000001940       0x34 _build/nrf52832_xxaa/nrf_drv_uart.c.o
 .text.uart_evt_handler
                0x0000000000001974       0x34 _build/nrf52832_xxaa/nrf_drv_uart.c.o
 .text.nrf_drv_uart_init
                0x00000000000019a8       0x80 _build/nrf52832_xxaa/nrf_drv_uart.c.o
                0x00000000000019a8                nrf_drv_uart_init
 .text.nrfx_ppi_channel_alloc
                0x0000000000001a28       0x64 _build/nrf52832_xxaa/nrfx_ppi.c.o
                0x0000000000001a28                nrfx_ppi_channel_alloc
 .text.nrfx_ppi_channel_assign
                0x0000000000001a8c       0x4c _build/nrf52832_xxaa/nrfx_ppi.c.o
                0x0000000000001a8c                nrfx_ppi_channel_assign
 .text.nrfx_ppi_channel_enable
                0x0000000000001ad8       0x28 _build/nrf52832_xxaa/nrfx_ppi.c.o
                0x0000000000001ad8                nrfx_ppi_channel_enable
 .text.UARTE0_UART0_IRQHandler
                0x0000000000001b00        0xc _build/nrf52832_xxaa/nrfx_prs.c.o
                0x0000000000001b00                UARTE0_UART0_IRQHandler
 .text.nrfx_prs_acquire
                0x0000000000001b0c       0x3c _build/nrf52832_xxaa/nrfx_prs.c.o
                0x0000000000001b0c                nrfx_prs_acquire
 .text.nrfx_prs_release
                0x0000000000001b48       0x18 _build/nrf52832_xxaa/nrfx_prs.c.o
                0x0000000000001b48                nrfx_prs_release
 .text.SAADC_IRQHandler
                0x0000000000001b60      0x1f0 _build/nrf52832_xxaa/nrfx_saadc.c.o
                0x0000000000001b60                SAADC_IRQHandler
 .text.nrfx_saadc_init
                0x0000000000001d50       0x9c _build/nrf52832_xxaa/nrfx_saadc.c.o
                0x0000000000001d50                nrfx_saadc_init
 .text.nrfx_saadc_channel_init
                0x0000000000001dec       0xd8 _build/nrf52832_xxaa/nrfx_saadc.c.o
                0x0000000000001dec                nrfx_saadc_channel_init
 .text.nrfx_saadc_sample_task_get
                0x0000000000001ec4       0x20 _build/nrf52832_xxaa/nrfx_saadc.c.o
                0x0000000000001ec4                nrfx_saadc_sample_task_get
 .text.nrfx_saadc_buffer_convert
                0x0000000000001ee4       0xc4 _build/nrf52832_xxaa/nrfx_saadc.c.o
                0x0000000000001ee4                nrfx_saadc_buffer_convert
 .text.nrfx_timer_init
                0x0000000000001fa8       0xfc _build/nrf52832_xxaa/nrfx_timer.c.o
                0x0000000000001fa8                nrfx_timer_init
 .text.nrfx_timer_enable
                0x00000000000020a4       0x1c _build/nrf52832_xxaa/nrfx_timer.c.o
                0x00000000000020a4                nrfx_timer_enable
 .text.nrfx_timer_extended_compare
                0x00000000000020c0       0x60 _build/nrf52832_xxaa/nrfx_timer.c.o
                0x00000000000020c0                nrfx_timer_extended_compare
 .text.TIMER0_IRQHandler
                0x0000000000002120       0x58 _build/nrf52832_xxaa/nrfx_timer.c.o
                0x0000000000002120                TIMER0_IRQHandler
 .text.nrfx_uart_0_irq_handler
                0x0000000000002178      0x1bc _build/nrf52832_xxaa/nrfx_uart.c.o
                0x0000000000002178                nrfx_uart_0_irq_handler
 .text.nrfx_uart_init
                0x0000000000002334      0x1a4 _build/nrf52832_xxaa/nrfx_uart.c.o
                0x0000000000002334                nrfx_uart_init
 .text.nrfx_uart_uninit
                0x00000000000024d8       0xcc _build/nrf52832_xxaa/nrfx_uart.c.o
                0x00000000000024d8                nrfx_uart_uninit
 .text.nrfx_uart_tx
                0x00000000000025a4       0xcc _build/nrf52832_xxaa/nrfx_uart.c.o
                0x00000000000025a4                nrfx_uart_tx
 .text.nrfx_uarte_0_irq_handler
                0x0000000000002670      0x128 _build/nrf52832_xxaa/nrfx_uarte.c.o
                0x0000000000002670                nrfx_uarte_0_irq_handler
 .text.nrfx_uarte_init
                0x0000000000002798      0x1c4 _build/nrf52832_xxaa/nrfx_uarte.c.o
                0x0000000000002798                nrfx_uarte_init
 .text.nrfx_uarte_uninit
                0x000000000000295c       0xd0 _build/nrf52832_xxaa/nrfx_uarte.c.o
                0x000000000000295c                nrfx_uarte_uninit
 .text.nrfx_uarte_tx
                0x0000000000002a2c       0xa0 _build/nrf52832_xxaa/nrfx_uarte.c.o
                0x0000000000002a2c                nrfx_uarte_tx
 .text.timer_handler
                0x0000000000002acc        0x4 _build/nrf52832_xxaa/main.c.o
                0x0000000000002acc                timer_handler
 .text.saadc_callback
                0x0000000000002ad0       0x74 _build/nrf52832_xxaa/main.c.o
                0x0000000000002ad0                saadc_callback
 .text.saadc_sampling_event_init
                0x0000000000002b44       0x94 _build/nrf52832_xxaa/main.c.o
                0x0000000000002b44                saadc_sampling_event_init
 .text.saadc_sampling_event_enable
                0x0000000000002bd8       0x1c _build/nrf52832_xxaa/main.c.o
                0x0000000000002bd8                saadc_sampling_event_enable
 .text.saadc_init
                0x0000000000002bf4       0x68 _build/nrf52832_xxaa/main.c.o
                0x0000000000002bf4                saadc_init
 .text.startup.main
                0x0000000000002c5c       0x58 _build/nrf52832_xxaa/main.c.o
                0x0000000000002c5c                main
 .text.SystemInit
                0x0000000000002cb4      0x3c0 _build/nrf52832_xxaa/system_nrf52.c.o
                0x0000000000002cb4                SystemInit
 .text.exit     0x0000000000003074       0x28 /Users/anita/opt/gcc-arm-none-eabi-7-2017-q4-major/bin/../lib/gcc/arm-none-eabi/7.2.1/../../../../arm-none-eabi/lib/thumb/v7e-m/fpv4-sp/hard/libc_nano.a(lib_a-exit.o)
                0x0000000000003074                exit
 .text.__libc_init_array
                0x000000000000309c       0x48 /Users/anita/opt/gcc-arm-none-eabi-7-2017-q4-major/bin/../lib/gcc/arm-none-eabi/7.2.1/../../../../arm-none-eabi/lib/thumb/v7e-m/fpv4-sp/hard/libc_nano.a(lib_a-init.o)
                0x000000000000309c                __libc_init_array
 .text.__locale_ctype_ptr
                0x00000000000030e4       0x1c /Users/anita/opt/gcc-arm-none-eabi-7-2017-q4-major/bin/../lib/gcc/arm-none-eabi/7.2.1/../../../../arm-none-eabi/lib/thumb/v7e-m/fpv4-sp/hard/libc_nano.a(lib_a-locale.o)
                0x00000000000030e4                __locale_ctype_ptr
 .text.__ascii_mbtowc
                0x0000000000003100       0x24 /Users/anita/opt/gcc-arm-none-eabi-7-2017-q4-major/bin/../lib/gcc/arm-none-eabi/7.2.1/../../../../arm-none-eabi/lib/thumb/v7e-m/fpv4-sp/hard/libc_nano.a(lib_a-mbtowc_r.o)
                0x0000000000003100                __ascii_mbtowc
 .text.memcpy   0x0000000000003124       0x16 /Users/anita/opt/gcc-arm-none-eabi-7-2017-q4-major/bin/../lib/gcc/arm-none-eabi/7.2.1/../../../../arm-none-eabi/lib/thumb/v7e-m/fpv4-sp/hard/libc_nano.a(lib_a-memcpy-stub.o)
                0x0000000000003124                memcpy
 .text.memset   0x000000000000313a       0x10 /Users/anita/opt/gcc-arm-none-eabi-7-2017-q4-major/bin/../lib/gcc/arm-none-eabi/7.2.1/../../../../arm-none-eabi/lib/thumb/v7e-m/fpv4-sp/hard/libc_nano.a(lib_a-memset.o)
                0x000000000000313a                memset
 .text          0x000000000000314a       0x10 /Users/anita/opt/gcc-arm-none-eabi-7-2017-q4-major/bin/../lib/gcc/arm-none-eabi/7.2.1/../../../../arm-none-eabi/lib/thumb/v7e-m/fpv4-sp/hard/libc_nano.a(lib_a-strlen.o)
                0x000000000000314a                strlen
 .text.__ascii_wctomb
                0x000000000000315a       0x1a /Users/anita/opt/gcc-arm-none-eabi-7-2017-q4-major/bin/../lib/gcc/arm-none-eabi/7.2.1/../../../../arm-none-eabi/lib/thumb/v7e-m/fpv4-sp/hard/libc_nano.a(lib_a-wctomb_r.o)
                0x000000000000315a                __ascii_wctomb
 .text._exit    0x0000000000003174        0x4 /Users/anita/opt/gcc-arm-none-eabi-7-2017-q4-major/bin/../lib/gcc/arm-none-eabi/7.2.1/../../../../arm-none-eabi/lib/thumb/v7e-m/fpv4-sp/hard/libnosys.a(_exit.o)
                0x0000000000003174                _exit
 *(.init)
 .init          0x0000000000003178        0x4 /Users/anita/opt/gcc-arm-none-eabi-7-2017-q4-major/bin/../lib/gcc/arm-none-eabi/7.2.1/thumb/v7e-m/fpv4-sp/hard/crti.o
                0x0000000000003178                _init
 .init          0x000000000000317c        0x8 /Users/anita/opt/gcc-arm-none-eabi-7-2017-q4-major/bin/../lib/gcc/arm-none-eabi/7.2.1/thumb/v7e-m/fpv4-sp/hard/crtn.o
 *(.fini)
 .fini          0x0000000000003184        0x4 /Users/anita/opt/gcc-arm-none-eabi-7-2017-q4-major/bin/../lib/gcc/arm-none-eabi/7.2.1/thumb/v7e-m/fpv4-sp/hard/crti.o
                0x0000000000003184                _fini
 .fini          0x0000000000003188        0x8 /Users/anita/opt/gcc-arm-none-eabi-7-2017-q4-major/bin/../lib/gcc/arm-none-eabi/7.2.1/thumb/v7e-m/fpv4-sp/hard/crtn.o
 *crtbegin.o(.ctors)
 *crtbegin?.o(.ctors)
 *(EXCLUDE_FILE(*crtend.o *crtend?.o) .ctors)
 *(SORT_BY_NAME(.ctors.*))
 *(.ctors)
 *crtbegin.o(.dtors)
 *crtbegin?.o(.dtors)
 *(EXCLUDE_FILE(*crtend.o *crtend?.o) .dtors)
 *(SORT_BY_NAME(.dtors.*))
 *(.dtors)
 *(.rodata*)
 .rodata        0x0000000000003190       0x20 _build/nrf52832_xxaa/nrf_log_backend_uart.c.o
 .rodata.nrf_log_backend_uart_api
                0x00000000000031b0        0xc _build/nrf52832_xxaa/nrf_log_backend_uart.c.o
                0x00000000000031b0                nrf_log_backend_uart_api
 .rodata.str1.4
                0x00000000000031bc       0x11 _build/nrf52832_xxaa/nrf_log_default_backends.c.o
 *fill*         0x00000000000031cd        0x3 
 .rodata.m_log_push_ringbuf
                0x00000000000031d0        0xc _build/nrf52832_xxaa/nrf_log_frontend.c.o
 .rodata.nrf_log_frontend_dequeue.part.6.str1.4
                0x00000000000031dc       0x11 _build/nrf52832_xxaa/nrf_log_frontend.c.o
 *fill*         0x00000000000031ed        0x3 
 .rodata.str1.4
                0x00000000000031f0        0x4 _build/nrf52832_xxaa/nrf_log_frontend.c.o
 .rodata.m_colors
                0x00000000000031f4       0x24 _build/nrf52832_xxaa/nrf_log_str_formatter.c.o
 .rodata.nrf_log_hexdump_entry_process.str1.4
                0x0000000000003218       0x13 _build/nrf52832_xxaa/nrf_log_str_formatter.c.o
                                         0x16 (size before relaxing)
 *fill*         0x000000000000322b        0x1 
 .rodata.nrf_log_std_entry_process.str1.4
                0x000000000000322c       0x3b _build/nrf52832_xxaa/nrf_log_str_formatter.c.o
 *fill*         0x0000000000003267        0x1 
 .rodata.severity_names
                0x0000000000003268       0x14 _build/nrf52832_xxaa/nrf_log_str_formatter.c.o
 .rodata.str1.4
                0x000000000000327c       0x56 _build/nrf52832_xxaa/nrf_log_str_formatter.c.o
 *fill*         0x00000000000032d2        0x2 
 .rodata.app_error_fault_handler.str1.4
                0x00000000000032d4       0x19 _build/nrf52832_xxaa/app_error_weak.c.o
 *fill*         0x00000000000032ed        0x3 
 .rodata._aV2C.7399
                0x00000000000032f0       0x10 _build/nrf52832_xxaa/nrf_fprintf_format.c.o
 .rodata.pwr_mgmt_data
                0x0000000000003300        0xc _build/nrf52832_xxaa/nrf_pwr_mgmt.c.o
 .rodata.str1.4
                0x000000000000330c        0x9 _build/nrf52832_xxaa/nrf_pwr_mgmt.c.o
 *fill*         0x0000000000003315        0x3 
 .rodata.str1.4
                0x0000000000003318        0x4 _build/nrf52832_xxaa/nrfx_ppi.c.o
 .rodata.str1.4
                0x000000000000331c        0x4 _build/nrf52832_xxaa/nrfx_prs.c.o
 .rodata.str1.4
                0x0000000000003320        0x6 _build/nrf52832_xxaa/nrfx_saadc.c.o
 *fill*         0x0000000000003326        0x2 
 .rodata.str1.4
                0x0000000000003328        0x6 _build/nrf52832_xxaa/nrfx_timer.c.o
 *fill*         0x000000000000332e        0x2 
 .rodata.str1.4
                0x0000000000003330        0x5 _build/nrf52832_xxaa/nrfx_uart.c.o
 *fill*         0x0000000000003335        0x3 
 .rodata.str1.4
                0x0000000000003338        0x6 _build/nrf52832_xxaa/nrfx_uarte.c.o
 *fill*         0x000000000000333e        0x2 
 .rodata        0x0000000000003340        0x9 _build/nrf52832_xxaa/main.c.o
 *fill*         0x0000000000003349        0x3 
 .rodata.default_config.8297
                0x000000000000334c        0x4 _build/nrf52832_xxaa/main.c.o
 .rodata.m_timer
                0x0000000000003350        0x8 _build/nrf52832_xxaa/main.c.o
 .rodata.main.str1.4
                0x0000000000003358       0x22 _build/nrf52832_xxaa/main.c.o
 *fill*         0x000000000000337a        0x2 
 .rodata.saadc_callback.str1.4
                0x000000000000337c       0x1c _build/nrf52832_xxaa/main.c.o
                                         0x1b (size before relaxing)
 .rodata._global_impure_ptr
                0x0000000000003398        0x4 /Users/anita/opt/gcc-arm-none-eabi-7-2017-q4-major/bin/../lib/gcc/arm-none-eabi/7.2.1/../../../../arm-none-eabi/lib/thumb/v7e-m/fpv4-sp/hard/libc_nano.a(lib_a-impure.o)
                0x0000000000003398                _global_impure_ptr
 .rodata._setlocale_r.str1.1
                0x000000000000339c        0x8 /Users/anita/opt/gcc-arm-none-eabi-7-2017-q4-major/bin/../lib/gcc/arm-none-eabi/7.2.1/../../../../arm-none-eabi/lib/thumb/v7e-m/fpv4-sp/hard/libc_nano.a(lib_a-locale.o)
                                          0x9 (size before relaxing)
 .rodata.str1.1
                0x00000000000033a4        0x2 /Users/anita/opt/gcc-arm-none-eabi-7-2017-q4-major/bin/../lib/gcc/arm-none-eabi/7.2.1/../../../../arm-none-eabi/lib/thumb/v7e-m/fpv4-sp/hard/libc_nano.a(lib_a-locale.o)
 .rodata._ctype_
                0x00000000000033a6      0x101 /Users/anita/opt/gcc-arm-none-eabi-7-2017-q4-major/bin/../lib/gcc/arm-none-eabi/7.2.1/../../../../arm-none-eabi/lib/thumb/v7e-m/fpv4-sp/hard/libc_nano.a(lib_a-ctype_.o)
                0x00000000000033a6                _ctype_
 *(.eh_frame*)
 *fill*         0x00000000000034a7        0x1 
 .eh_frame      0x00000000000034a8        0x0 /Users/anita/opt/gcc-arm-none-eabi-7-2017-q4-major/bin/../lib/gcc/arm-none-eabi/7.2.1/thumb/v7e-m/fpv4-sp/hard/crtbegin.o
 .eh_frame      0x00000000000034a8        0x4 /Users/anita/opt/gcc-arm-none-eabi-7-2017-q4-major/bin/../lib/gcc/arm-none-eabi/7.2.1/thumb/v7e-m/fpv4-sp/hard/crtend.o

.glue_7         0x00000000000034ac        0x0
 .glue_7        0x00000000000034ac        0x0 linker stubs

.glue_7t        0x00000000000034ac        0x0
 .glue_7t       0x00000000000034ac        0x0 linker stubs

.vfp11_veneer   0x00000000000034ac        0x0
 .vfp11_veneer  0x00000000000034ac        0x0 linker stubs

.v4_bx          0x00000000000034ac        0x0
 .v4_bx         0x00000000000034ac        0x0 linker stubs

.iplt           0x00000000000034ac        0x0
 .iplt          0x00000000000034ac        0x0 /Users/anita/opt/gcc-arm-none-eabi-7-2017-q4-major/bin/../lib/gcc/arm-none-eabi/7.2.1/thumb/v7e-m/fpv4-sp/hard/crtbegin.o

.mem_section_dummy_rom

.pwr_mgmt_data  0x00000000000034ac        0x0
                0x00000000000034ac                PROVIDE (__start_pwr_mgmt_data, .)
 *(SORT_BY_NAME(.pwr_mgmt_data*))
                0x00000000000034ac                PROVIDE (__stop_pwr_mgmt_data, .)

.log_const_data
                0x00000000000034ac       0x40
                0x00000000000034ac                PROVIDE (__start_log_const_data, .)
 *(SORT_BY_NAME(.log_const_data*))
 .log_const_data_PPI
                0x00000000000034ac        0x8 _build/nrf52832_xxaa/nrfx_ppi.c.o
                0x00000000000034ac                m_nrf_log_PPI_logs_data_const
 .log_const_data_PRS
                0x00000000000034b4        0x8 _build/nrf52832_xxaa/nrfx_prs.c.o
                0x00000000000034b4                m_nrf_log_PRS_logs_data_const
 .log_const_data_SAADC
                0x00000000000034bc        0x8 _build/nrf52832_xxaa/nrfx_saadc.c.o
                0x00000000000034bc                m_nrf_log_SAADC_logs_data_const
 .log_const_data_TIMER
                0x00000000000034c4        0x8 _build/nrf52832_xxaa/nrfx_timer.c.o
                0x00000000000034c4                m_nrf_log_TIMER_logs_data_const
 .log_const_data_UART
                0x00000000000034cc        0x8 _build/nrf52832_xxaa/nrfx_uart.c.o
                0x00000000000034cc                m_nrf_log_UART_logs_data_const
 .log_const_data_UARTE
                0x00000000000034d4        0x8 _build/nrf52832_xxaa/nrfx_uarte.c.o
                0x00000000000034d4                m_nrf_log_UARTE_logs_data_const
 .log_const_data_app
                0x00000000000034dc        0x8 _build/nrf52832_xxaa/nrf_log_frontend.c.o
                0x00000000000034dc                m_nrf_log_app_logs_data_const
 .log_const_data_pwr_mgmt
                0x00000000000034e4        0x8 _build/nrf52832_xxaa/nrf_pwr_mgmt.c.o
                0x00000000000034e4                m_nrf_log_pwr_mgmt_logs_data_const
                0x00000000000034ec                PROVIDE (__stop_log_const_data, .)

.log_backends   0x00000000000034ec       0x10
                [!provide]                        PROVIDE (__start_log_backends, .)
 *(SORT_BY_NAME(.log_backends*))
 .log_backends  0x00000000000034ec       0x10 _build/nrf52832_xxaa/nrf_log_default_backends.c.o
                [!provide]                        PROVIDE (__stop_log_backends, .)

.nrf_balloc     0x00000000000034fc       0x14
                [!provide]                        PROVIDE (__start_nrf_balloc, .)
 *(.nrf_balloc)
 .nrf_balloc    0x00000000000034fc       0x14 _build/nrf52832_xxaa/nrf_log_frontend.c.o
                0x00000000000034fc                log_mempool
                [!provide]                        PROVIDE (__stop_nrf_balloc, .)

.ARM.extab
 *(.ARM.extab* .gnu.linkonce.armextab.*)
                0x0000000000003510                __exidx_start = .

.ARM.exidx      0x0000000000003510        0x8
 *(.ARM.exidx* .gnu.linkonce.armexidx.*)
 .ARM.exidx     0x0000000000003510        0x8 /Users/anita/opt/gcc-arm-none-eabi-7-2017-q4-major/bin/../lib/gcc/arm-none-eabi/7.2.1/../../../../arm-none-eabi/lib/thumb/v7e-m/fpv4-sp/hard/crt0.o
                0x0000000000003518                __exidx_end = .
                0x0000000000003518                __etext = .

.rel.dyn        0x0000000000003518        0x0
 .rel.iplt      0x0000000000003518        0x0 /Users/anita/opt/gcc-arm-none-eabi-7-2017-q4-major/bin/../lib/gcc/arm-none-eabi/7.2.1/thumb/v7e-m/fpv4-sp/hard/crtbegin.o

.data           0x0000000020000000      0x1f8 load address 0x0000000000003518
                0x0000000020000000                __data_start__ = .
 *(vtable)
 *(.data*)
 .data.m_uart   0x0000000020000000       0x14 _build/nrf52832_xxaa/nrf_log_backend_uart.c.o
                0x0000000020000000                m_uart
 .data.log_backend_cb_uart_log_backend
                0x0000000020000014        0x8 _build/nrf52832_xxaa/nrf_log_default_backends.c.o
 .data.SystemCoreClock
                0x000000002000001c        0x4 _build/nrf52832_xxaa/system_nrf52.c.o
                0x000000002000001c                SystemCoreClock
 .data._impure_ptr
                0x0000000020000020        0x4 /Users/anita/opt/gcc-arm-none-eabi-7-2017-q4-major/bin/../lib/gcc/arm-none-eabi/7.2.1/../../../../arm-none-eabi/lib/thumb/v7e-m/fpv4-sp/hard/libc_nano.a(lib_a-impure.o)
                0x0000000020000020                _impure_ptr
 .data.impure_data
                0x0000000020000024       0x60 /Users/anita/opt/gcc-arm-none-eabi-7-2017-q4-major/bin/../lib/gcc/arm-none-eabi/7.2.1/../../../../arm-none-eabi/lib/thumb/v7e-m/fpv4-sp/hard/libc_nano.a(lib_a-impure.o)
 .data.__global_locale
                0x0000000020000084      0x16c /Users/anita/opt/gcc-arm-none-eabi-7-2017-q4-major/bin/../lib/gcc/arm-none-eabi/7.2.1/../../../../arm-none-eabi/lib/thumb/v7e-m/fpv4-sp/hard/libc_nano.a(lib_a-locale.o)
                0x0000000020000084                __global_locale
                0x00000000200001f0                . = ALIGN (0x4)
                0x00000000200001f0                PROVIDE (__preinit_array_start, .)
 *(.preinit_array)
                0x00000000200001f0                PROVIDE (__preinit_array_end, .)
                0x00000000200001f0                . = ALIGN (0x4)
                0x00000000200001f0                PROVIDE (__init_array_start, .)
 *(SORT_BY_NAME(.init_array.*))
 *(.init_array)
 .init_array    0x00000000200001f0        0x4 /Users/anita/opt/gcc-arm-none-eabi-7-2017-q4-major/bin/../lib/gcc/arm-none-eabi/7.2.1/thumb/v7e-m/fpv4-sp/hard/crtbegin.o
                0x00000000200001f4                PROVIDE (__init_array_end, .)
                0x00000000200001f4                . = ALIGN (0x4)
                [!provide]                        PROVIDE (__fini_array_start, .)
 *(SORT_BY_NAME(.fini_array.*))
 *(.fini_array)
 .fini_array    0x00000000200001f4        0x4 /Users/anita/opt/gcc-arm-none-eabi-7-2017-q4-major/bin/../lib/gcc/arm-none-eabi/7.2.1/thumb/v7e-m/fpv4-sp/hard/crtbegin.o
                [!provide]                        PROVIDE (__fini_array_end, .)
 *(.jcr*)
                0x00000000200001f8                . = ALIGN (0x4)
                0x00000000200001f8                __data_end__ = .
LOAD /Users/anita/opt/gcc-arm-none-eabi-7-2017-q4-major/bin/../lib/gcc/arm-none-eabi/7.2.1/thumb/v7e-m/fpv4-sp/hard/crti.o
LOAD /Users/anita/opt/gcc-arm-none-eabi-7-2017-q4-major/bin/../lib/gcc/arm-none-eabi/7.2.1/thumb/v7e-m/fpv4-sp/hard/crtbegin.o
LOAD /Users/anita/opt/gcc-arm-none-eabi-7-2017-q4-major/bin/../lib/gcc/arm-none-eabi/7.2.1/../../../../arm-none-eabi/lib/thumb/v7e-m/fpv4-sp/hard/crt0.o
LOAD _build/nrf52832_xxaa/gcc_startup_nrf52.S.o
LOAD _build/nrf52832_xxaa/nrf_log_backend_rtt.c.o
LOAD _build/nrf52832_xxaa/nrf_log_backend_serial.c.o
LOAD _build/nrf52832_xxaa/nrf_log_backend_uart.c.o
LOAD _build/nrf52832_xxaa/nrf_log_default_backends.c.o
LOAD _build/nrf52832_xxaa/nrf_log_frontend.c.o
LOAD _build/nrf52832_xxaa/nrf_log_str_formatter.c.o
LOAD _build/nrf52832_xxaa/boards.c.o
LOAD _build/nrf52832_xxaa/app_error.c.o
LOAD _build/nrf52832_xxaa/app_error_handler_gcc.c.o
LOAD _build/nrf52832_xxaa/app_error_weak.c.o
LOAD _build/nrf52832_xxaa/app_util_platform.c.o
LOAD _build/nrf52832_xxaa/nrf_assert.c.o
LOAD _build/nrf52832_xxaa/nrf_atomic.c.o
LOAD _build/nrf52832_xxaa/nrf_balloc.c.o
LOAD _build/nrf52832_xxaa/nrf_fprintf.c.o
LOAD _build/nrf52832_xxaa/nrf_fprintf_format.c.o
LOAD _build/nrf52832_xxaa/nrf_memobj.c.o
LOAD _build/nrf52832_xxaa/nrf_pwr_mgmt.c.o
LOAD _build/nrf52832_xxaa/nrf_ringbuf.c.o
LOAD _build/nrf52832_xxaa/nrf_section_iter.c.o
LOAD _build/nrf52832_xxaa/nrf_strerror.c.o
LOAD _build/nrf52832_xxaa/nrf_drv_ppi.c.o
LOAD _build/nrf52832_xxaa/nrf_drv_uart.c.o
LOAD _build/nrf52832_xxaa/nrfx_ppi.c.o
LOAD _build/nrf52832_xxaa/nrfx_prs.c.o
LOAD _build/nrf52832_xxaa/nrfx_saadc.c.o
LOAD _build/nrf52832_xxaa/nrfx_timer.c.o
LOAD _build/nrf52832_xxaa/nrfx_uart.c.o
LOAD _build/nrf52832_xxaa/nrfx_uarte.c.o
LOAD _build/nrf52832_xxaa/main.c.o
LOAD _build/nrf52832_xxaa/SEGGER_RTT.c.o
LOAD _build/nrf52832_xxaa/SEGGER_RTT_Syscalls_GCC.c.o
LOAD _build/nrf52832_xxaa/SEGGER_RTT_printf.c.o
LOAD _build/nrf52832_xxaa/system_nrf52.c.o
LOAD /Users/anita/opt/gcc-arm-none-eabi-7-2017-q4-major/bin/../lib/gcc/arm-none-eabi/7.2.1/../../../../arm-none-eabi/lib/thumb/v7e-m/fpv4-sp/hard/libc_nano.a
LOAD /Users/anita/opt/gcc-arm-none-eabi-7-2017-q4-major/bin/../lib/gcc/arm-none-eabi/7.2.1/../../../../arm-none-eabi/lib/thumb/v7e-m/fpv4-sp/hard/libnosys.a
LOAD /Users/anita/opt/gcc-arm-none-eabi-7-2017-q4-major/bin/../lib/gcc/arm-none-eabi/7.2.1/../../../../arm-none-eabi/lib/thumb/v7e-m/fpv4-sp/hard/libm.a
START GROUP
LOAD /Users/anita/opt/gcc-arm-none-eabi-7-2017-q4-major/bin/../lib/gcc/arm-none-eabi/7.2.1/thumb/v7e-m/fpv4-sp/hard/libgcc.a
LOAD /Users/anita/opt/gcc-arm-none-eabi-7-2017-q4-major/bin/../lib/gcc/arm-none-eabi/7.2.1/../../../../arm-none-eabi/lib/thumb/v7e-m/fpv4-sp/hard/libg_nano.a
LOAD /Users/anita/opt/gcc-arm-none-eabi-7-2017-q4-major/bin/../lib/gcc/arm-none-eabi/7.2.1/../../../../arm-none-eabi/lib/thumb/v7e-m/fpv4-sp/hard/libc_nano.a
END GROUP
START GROUP
LOAD /Users/anita/opt/gcc-arm-none-eabi-7-2017-q4-major/bin/../lib/gcc/arm-none-eabi/7.2.1/thumb/v7e-m/fpv4-sp/hard/libgcc.a
LOAD /Users/anita/opt/gcc-arm-none-eabi-7-2017-q4-major/bin/../lib/gcc/arm-none-eabi/7.2.1/../../../../arm-none-eabi/lib/thumb/v7e-m/fpv4-sp/hard/libc_nano.a
END GROUP
LOAD /Users/anita/opt/gcc-arm-none-eabi-7-2017-q4-major/bin/../lib/gcc/arm-none-eabi/7.2.1/thumb/v7e-m/fpv4-sp/hard/crtend.o
LOAD /Users/anita/opt/gcc-arm-none-eabi-7-2017-q4-major/bin/../lib/gcc/arm-none-eabi/7.2.1/thumb/v7e-m/fpv4-sp/hard/crtn.o
START GROUP
LOAD /Users/anita/opt/gcc-arm-none-eabi-7-2017-q4-major/bin/../lib/gcc/arm-none-eabi/7.2.1/thumb/v7e-m/fpv4-sp/hard/libgcc.a
LOAD /Users/anita/opt/gcc-arm-none-eabi-7-2017-q4-major/bin/../lib/gcc/arm-none-eabi/7.2.1/../../../../arm-none-eabi/lib/thumb/v7e-m/fpv4-sp/hard/libc.a
LOAD /Users/anita/opt/gcc-arm-none-eabi-7-2017-q4-major/bin/../lib/gcc/arm-none-eabi/7.2.1/../../../../arm-none-eabi/lib/thumb/v7e-m/fpv4-sp/hard/libnosys.a
END GROUP

.igot.plt       0x00000000200001f8        0x0 load address 0x0000000000003710
 .igot.plt      0x00000000200001f8        0x0 /Users/anita/opt/gcc-arm-none-eabi-7-2017-q4-major/bin/../lib/gcc/arm-none-eabi/7.2.1/thumb/v7e-m/fpv4-sp/hard/crtbegin.o
                0x00000000200001f8                . = ALIGN (0x4)

.mem_section_dummy_ram

.log_dynamic_data
                0x00000000200001f8        0x0
                0x00000000200001f8                PROVIDE (__start_log_dynamic_data, .)
 *(SORT_BY_NAME(.log_dynamic_data*))
                [!provide]                        PROVIDE (__stop_log_dynamic_data, .)

.log_filter_data
                0x00000000200001f8        0x0
                [!provide]                        PROVIDE (__start_log_filter_data, .)
 *(SORT_BY_NAME(.log_filter_data*))
                [!provide]                        PROVIDE (__stop_log_filter_data, .)

.bss            0x00000000200001f8      0x6c8 load address 0x0000000000003710
                0x00000000200001f8                . = ALIGN (0x4)
                0x00000000200001f8                __bss_start__ = .
 *(.bss*)
 .bss           0x00000000200001f8       0x1c /Users/anita/opt/gcc-arm-none-eabi-7-2017-q4-major/bin/../lib/gcc/arm-none-eabi/7.2.1/thumb/v7e-m/fpv4-sp/hard/crtbegin.o
 .bss.m_async_mode
                0x0000000020000214        0x1 _build/nrf52832_xxaa/nrf_log_backend_uart.c.o
 *fill*         0x0000000020000215        0x3 
 .bss.m_string_buff
                0x0000000020000218       0x40 _build/nrf52832_xxaa/nrf_log_backend_uart.c.o
 .bss.m_xfer_done
                0x0000000020000258        0x1 _build/nrf52832_xxaa/nrf_log_backend_uart.c.o
 *fill*         0x0000000020000259        0x3 
 .bss.log_mempool_nrf_balloc_cb
                0x000000002000025c        0x8 _build/nrf52832_xxaa/nrf_log_frontend.c.o
 .bss.log_mempool_nrf_balloc_pool_mem
                0x0000000020000264       0xc0 _build/nrf52832_xxaa/nrf_log_frontend.c.o
 .bss.log_mempool_nrf_balloc_pool_stack
                0x0000000020000324        0x8 _build/nrf52832_xxaa/nrf_log_frontend.c.o
 .bss.m_log_data
                0x000000002000032c      0x424 _build/nrf52832_xxaa/nrf_log_frontend.c.o
 .bss.m_log_push_ringbuf_buf
                0x0000000020000750       0x80 _build/nrf52832_xxaa/nrf_log_frontend.c.o
 .bss.m_log_push_ringbuf_cb
                0x00000000200007d0       0x18 _build/nrf52832_xxaa/nrf_log_frontend.c.o
 .bss.m_in_critical_region
                0x00000000200007e8        0x4 _build/nrf52832_xxaa/app_util_platform.c.o
 .bss.m_handlers_iter
                0x00000000200007ec        0x8 _build/nrf52832_xxaa/nrf_pwr_mgmt.c.o
 .bss.m_shutdown_started
                0x00000000200007f4        0x1 _build/nrf52832_xxaa/nrf_pwr_mgmt.c.o
 *fill*         0x00000000200007f5        0x3 
 .bss.m_sysoff_mtx
                0x00000000200007f8        0x4 _build/nrf52832_xxaa/nrf_pwr_mgmt.c.o
 .bss.m_drv_state
                0x00000000200007fc        0x1 _build/nrf52832_xxaa/nrf_drv_ppi.c.o
 *fill*         0x00000000200007fd        0x3 
 .bss.m_contexts
                0x0000000020000800        0x4 _build/nrf52832_xxaa/nrf_drv_uart.c.o
 .bss.m_handlers
                0x0000000020000804        0x4 _build/nrf52832_xxaa/nrf_drv_uart.c.o
 .bss.m_channels_allocated
                0x0000000020000808        0x4 _build/nrf52832_xxaa/nrfx_ppi.c.o
 .bss.m_prs_box_4
                0x000000002000080c        0x8 _build/nrf52832_xxaa/nrfx_prs.c.o
 .bss.m_cb      0x0000000020000814       0x30 _build/nrf52832_xxaa/nrfx_saadc.c.o
 .bss.m_cb      0x0000000020000844        0xc _build/nrf52832_xxaa/nrfx_timer.c.o
 .bss.m_cb      0x0000000020000850       0x2c _build/nrf52832_xxaa/nrfx_uart.c.o
 .bss.m_cb      0x000000002000087c       0x24 _build/nrf52832_xxaa/nrfx_uarte.c.o
 .bss.m_adc_evt_counter
                0x00000000200008a0        0x4 _build/nrf52832_xxaa/main.c.o
 .bss.m_buffer_pool
                0x00000000200008a4       0x14 _build/nrf52832_xxaa/main.c.o
 .bss.m_ppi_channel
                0x00000000200008b8        0x1 _build/nrf52832_xxaa/main.c.o
 *(COMMON)
 *fill*         0x00000000200008b9        0x3 
 COMMON         0x00000000200008bc        0x1 _build/nrf52832_xxaa/nrf_drv_uart.c.o
                0x00000000200008bc                nrf_drv_uart_use_easy_dma
                0x00000000200008c0                . = ALIGN (0x4)
 *fill*         0x00000000200008bd        0x3 
                0x00000000200008c0                __bss_end__ = .

.heap           0x00000000200008c0     0x2000
                0x00000000200008c0                __HeapBase = .
                0x00000000200008c0                __end__ = .
                [!provide]                        PROVIDE (end, .)
 *(.heap*)
 .heap          0x00000000200008c0     0x2000 _build/nrf52832_xxaa/gcc_startup_nrf52.S.o
                0x00000000200028c0                __HeapLimit = .

.stack_dummy    0x00000000200008c0     0x2000
 *(.stack*)
 .stack         0x00000000200008c0     0x2000 _build/nrf52832_xxaa/gcc_startup_nrf52.S.o
                0x0000000020010000                __StackTop = (ORIGIN (RAM) + LENGTH (RAM))
                0x000000002000e000                __StackLimit = (__StackTop - SIZEOF (.stack_dummy))
                0x0000000020010000                PROVIDE (__stack, __StackTop)
                0x0000000000000001                ASSERT ((__StackLimit >= __HeapLimit), region RAM overflowed with stack)
                0x00000000000001f8                DataInitFlashUsed = (__bss_start__ - __data_start__)
                0x0000000000003518                CodeFlashUsed = (__etext - ORIGIN (FLASH))
                0x0000000000003710                TotalFlashUsed = (CodeFlashUsed + DataInitFlashUsed)
                0x0000000000000001                ASSERT ((TotalFlashUsed <= LENGTH (FLASH)), region FLASH overflowed with .data and user data)
OUTPUT(_build/nrf52832_xxaa.out elf32-littlearm)

.ARM.attributes
                0x0000000000000000       0x30
 .ARM.attributes
                0x0000000000000000       0x22 /Users/anita/opt/gcc-arm-none-eabi-7-2017-q4-major/bin/../lib/gcc/arm-none-eabi/7.2.1/thumb/v7e-m/fpv4-sp/hard/crti.o
 .ARM.attributes
                0x0000000000000022       0x34 /Users/anita/opt/gcc-arm-none-eabi-7-2017-q4-major/bin/../lib/gcc/arm-none-eabi/7.2.1/thumb/v7e-m/fpv4-sp/hard/crtbegin.o
 .ARM.attributes
                0x0000000000000056       0x20 /Users/anita/opt/gcc-arm-none-eabi-7-2017-q4-major/bin/../lib/gcc/arm-none-eabi/7.2.1/../../../../arm-none-eabi/lib/thumb/v7e-m/fpv4-sp/hard/crt0.o
 .ARM.attributes
                0x0000000000000076       0x20 _build/nrf52832_xxaa/gcc_startup_nrf52.S.o
 .ARM.attributes
                0x0000000000000096       0x39 _build/nrf52832_xxaa/nrf_log_backend_serial.c.o
 .ARM.attributes
                0x00000000000000cf       0x39 _build/nrf52832_xxaa/nrf_log_backend_uart.c.o
 .ARM.attributes
                0x0000000000000108       0x39 _build/nrf52832_xxaa/nrf_log_default_backends.c.o
 .ARM.attributes
                0x0000000000000141       0x39 _build/nrf52832_xxaa/nrf_log_frontend.c.o
 .ARM.attributes
                0x000000000000017a       0x39 _build/nrf52832_xxaa/nrf_log_str_formatter.c.o
 .ARM.attributes
                0x00000000000001b3       0x39 _build/nrf52832_xxaa/app_error.c.o
 .ARM.attributes
                0x00000000000001ec       0x39 _build/nrf52832_xxaa/app_error_weak.c.o
 .ARM.attributes
                0x0000000000000225       0x39 _build/nrf52832_xxaa/app_util_platform.c.o
 .ARM.attributes
                0x000000000000025e       0x39 _build/nrf52832_xxaa/nrf_atomic.c.o
 .ARM.attributes
                0x0000000000000297       0x39 _build/nrf52832_xxaa/nrf_balloc.c.o
 .ARM.attributes
                0x00000000000002d0       0x39 _build/nrf52832_xxaa/nrf_fprintf.c.o
 .ARM.attributes
                0x0000000000000309       0x39 _build/nrf52832_xxaa/nrf_fprintf_format.c.o
 .ARM.attributes
                0x0000000000000342       0x39 _build/nrf52832_xxaa/nrf_memobj.c.o
 .ARM.attributes
                0x000000000000037b       0x39 _build/nrf52832_xxaa/nrf_pwr_mgmt.c.o
 .ARM.attributes
                0x00000000000003b4       0x39 _build/nrf52832_xxaa/nrf_ringbuf.c.o
 .ARM.attributes
                0x00000000000003ed       0x39 _build/nrf52832_xxaa/nrf_section_iter.c.o
 .ARM.attributes
                0x0000000000000426       0x39 _build/nrf52832_xxaa/nrf_drv_ppi.c.o
 .ARM.attributes
                0x000000000000045f       0x39 _build/nrf52832_xxaa/nrf_drv_uart.c.o
 .ARM.attributes
                0x0000000000000498       0x39 _build/nrf52832_xxaa/nrfx_ppi.c.o
 .ARM.attributes
                0x00000000000004d1       0x39 _build/nrf52832_xxaa/nrfx_prs.c.o
 .ARM.attributes
                0x000000000000050a       0x39 _build/nrf52832_xxaa/nrfx_saadc.c.o
 .ARM.attributes
                0x0000000000000543       0x39 _build/nrf52832_xxaa/nrfx_timer.c.o
 .ARM.attributes
                0x000000000000057c       0x39 _build/nrf52832_xxaa/nrfx_uart.c.o
 .ARM.attributes
                0x00000000000005b5       0x39 _build/nrf52832_xxaa/nrfx_uarte.c.o
 .ARM.attributes
                0x00000000000005ee       0x39 _build/nrf52832_xxaa/main.c.o
 .ARM.attributes
                0x0000000000000627       0x39 _build/nrf52832_xxaa/system_nrf52.c.o
 .ARM.attributes
                0x0000000000000660       0x34 /Users/anita/opt/gcc-arm-none-eabi-7-2017-q4-major/bin/../lib/gcc/arm-none-eabi/7.2.1/../../../../arm-none-eabi/lib/thumb/v7e-m/fpv4-sp/hard/libc_nano.a(lib_a-exit.o)
 .ARM.attributes
                0x0000000000000694       0x34 /Users/anita/opt/gcc-arm-none-eabi-7-2017-q4-major/bin/../lib/gcc/arm-none-eabi/7.2.1/../../../../arm-none-eabi/lib/thumb/v7e-m/fpv4-sp/hard/libc_nano.a(lib_a-impure.o)
 .ARM.attributes
                0x00000000000006c8       0x34 /Users/anita/opt/gcc-arm-none-eabi-7-2017-q4-major/bin/../lib/gcc/arm-none-eabi/7.2.1/../../../../arm-none-eabi/lib/thumb/v7e-m/fpv4-sp/hard/libc_nano.a(lib_a-init.o)
 .ARM.attributes
                0x00000000000006fc       0x34 /Users/anita/opt/gcc-arm-none-eabi-7-2017-q4-major/bin/../lib/gcc/arm-none-eabi/7.2.1/../../../../arm-none-eabi/lib/thumb/v7e-m/fpv4-sp/hard/libc_nano.a(lib_a-locale.o)
 .ARM.attributes
                0x0000000000000730       0x34 /Users/anita/opt/gcc-arm-none-eabi-7-2017-q4-major/bin/../lib/gcc/arm-none-eabi/7.2.1/../../../../arm-none-eabi/lib/thumb/v7e-m/fpv4-sp/hard/libc_nano.a(lib_a-mbtowc_r.o)
 .ARM.attributes
                0x0000000000000764       0x34 /Users/anita/opt/gcc-arm-none-eabi-7-2017-q4-major/bin/../lib/gcc/arm-none-eabi/7.2.1/../../../../arm-none-eabi/lib/thumb/v7e-m/fpv4-sp/hard/libc_nano.a(lib_a-memcpy-stub.o)
 .ARM.attributes
                0x0000000000000798       0x34 /Users/anita/opt/gcc-arm-none-eabi-7-2017-q4-major/bin/../lib/gcc/arm-none-eabi/7.2.1/../../../../arm-none-eabi/lib/thumb/v7e-m/fpv4-sp/hard/libc_nano.a(lib_a-memset.o)
 .ARM.attributes
                0x00000000000007cc       0x1b /Users/anita/opt/gcc-arm-none-eabi-7-2017-q4-major/bin/../lib/gcc/arm-none-eabi/7.2.1/../../../../arm-none-eabi/lib/thumb/v7e-m/fpv4-sp/hard/libc_nano.a(lib_a-strlen.o)
 .ARM.attributes
                0x00000000000007e7       0x34 /Users/anita/opt/gcc-arm-none-eabi-7-2017-q4-major/bin/../lib/gcc/arm-none-eabi/7.2.1/../../../../arm-none-eabi/lib/thumb/v7e-m/fpv4-sp/hard/libc_nano.a(lib_a-wctomb_r.o)
 .ARM.attributes
                0x000000000000081b       0x34 /Users/anita/opt/gcc-arm-none-eabi-7-2017-q4-major/bin/../lib/gcc/arm-none-eabi/7.2.1/../../../../arm-none-eabi/lib/thumb/v7e-m/fpv4-sp/hard/libc_nano.a(lib_a-ctype_.o)
 .ARM.attributes
                0x000000000000084f       0x34 /Users/anita/opt/gcc-arm-none-eabi-7-2017-q4-major/bin/../lib/gcc/arm-none-eabi/7.2.1/../../../../arm-none-eabi/lib/thumb/v7e-m/fpv4-sp/hard/libnosys.a(_exit.o)
 .ARM.attributes
                0x0000000000000883       0x34 /Users/anita/opt/gcc-arm-none-eabi-7-2017-q4-major/bin/../lib/gcc/arm-none-eabi/7.2.1/thumb/v7e-m/fpv4-sp/hard/crtend.o
 .ARM.attributes
                0x00000000000008b7       0x22 /Users/anita/opt/gcc-arm-none-eabi-7-2017-q4-major/bin/../lib/gcc/arm-none-eabi/7.2.1/thumb/v7e-m/fpv4-sp/hard/crtn.o

.comment        0x0000000000000000       0x7e
 .comment       0x0000000000000000       0x7e _build/nrf52832_xxaa/nrf_log_backend_serial.c.o
                                         0x7f (size before relaxing)
 .comment       0x000000000000007e       0x7f _build/nrf52832_xxaa/nrf_log_backend_uart.c.o
 .comment       0x000000000000007e       0x7f _build/nrf52832_xxaa/nrf_log_default_backends.c.o
 .comment       0x000000000000007e       0x7f _build/nrf52832_xxaa/nrf_log_frontend.c.o
 .comment       0x000000000000007e       0x7f _build/nrf52832_xxaa/nrf_log_str_formatter.c.o
 .comment       0x000000000000007e       0x7f _build/nrf52832_xxaa/app_error.c.o
 .comment       0x000000000000007e       0x7f _build/nrf52832_xxaa/app_error_weak.c.o
 .comment       0x000000000000007e       0x7f _build/nrf52832_xxaa/app_util_platform.c.o
 .comment       0x000000000000007e       0x7f _build/nrf52832_xxaa/nrf_atomic.c.o
 .comment       0x000000000000007e       0x7f _build/nrf52832_xxaa/nrf_balloc.c.o
 .comment       0x000000000000007e       0x7f _build/nrf52832_xxaa/nrf_fprintf.c.o
 .comment       0x000000000000007e       0x7f _build/nrf52832_xxaa/nrf_fprintf_format.c.o
 .comment       0x000000000000007e       0x7f _build/nrf52832_xxaa/nrf_memobj.c.o
 .comment       0x000000000000007e       0x7f _build/nrf52832_xxaa/nrf_pwr_mgmt.c.o
 .comment       0x000000000000007e       0x7f _build/nrf52832_xxaa/nrf_ringbuf.c.o
 .comment       0x000000000000007e       0x7f _build/nrf52832_xxaa/nrf_section_iter.c.o
 .comment       0x000000000000007e       0x7f _build/nrf52832_xxaa/nrf_drv_ppi.c.o
 .comment       0x000000000000007e       0x7f _build/nrf52832_xxaa/nrf_drv_uart.c.o
 .comment       0x000000000000007e       0x7f _build/nrf52832_xxaa/nrfx_ppi.c.o
 .comment       0x000000000000007e       0x7f _build/nrf52832_xxaa/nrfx_prs.c.o
 .comment       0x000000000000007e       0x7f _build/nrf52832_xxaa/nrfx_saadc.c.o
 .comment       0x000000000000007e       0x7f _build/nrf52832_xxaa/nrfx_timer.c.o
 .comment       0x000000000000007e       0x7f _build/nrf52832_xxaa/nrfx_uart.c.o
 .comment       0x000000000000007e       0x7f _build/nrf52832_xxaa/nrfx_uarte.c.o
 .comment       0x000000000000007e       0x7f _build/nrf52832_xxaa/main.c.o
 .comment       0x000000000000007e       0x7f _build/nrf52832_xxaa/system_nrf52.c.o

.debug_line     0x0000000000000000     0xea5a
 .debug_line    0x0000000000000000       0x86 _build/nrf52832_xxaa/gcc_startup_nrf52.S.o
 .debug_line    0x0000000000000086      0x7c4 _build/nrf52832_xxaa/nrf_log_backend_serial.c.o
 .debug_line    0x000000000000084a      0xa2e _build/nrf52832_xxaa/nrf_log_backend_uart.c.o
 .debug_line    0x0000000000001278      0x742 _build/nrf52832_xxaa/nrf_log_default_backends.c.o
 .debug_line    0x00000000000019ba      0xe68 _build/nrf52832_xxaa/nrf_log_frontend.c.o
 .debug_line    0x0000000000002822      0x81e _build/nrf52832_xxaa/nrf_log_str_formatter.c.o
 .debug_line    0x0000000000003040      0x4d3 _build/nrf52832_xxaa/app_error.c.o
 .debug_line    0x0000000000003513      0x797 _build/nrf52832_xxaa/app_error_weak.c.o
 .debug_line    0x0000000000003caa      0x572 _build/nrf52832_xxaa/app_util_platform.c.o
 .debug_line    0x000000000000421c      0x684 _build/nrf52832_xxaa/nrf_atomic.c.o
 .debug_line    0x00000000000048a0      0x70d _build/nrf52832_xxaa/nrf_balloc.c.o
 .debug_line    0x0000000000004fad      0x51d _build/nrf52832_xxaa/nrf_fprintf.c.o
 .debug_line    0x00000000000054ca      0x71a _build/nrf52832_xxaa/nrf_fprintf_format.c.o
 .debug_line    0x0000000000005be4      0x7f1 _build/nrf52832_xxaa/nrf_memobj.c.o
 .debug_line    0x00000000000063d5      0xac5 _build/nrf52832_xxaa/nrf_pwr_mgmt.c.o
 .debug_line    0x0000000000006e9a      0x6b0 _build/nrf52832_xxaa/nrf_ringbuf.c.o
 .debug_line    0x000000000000754a      0x527 _build/nrf52832_xxaa/nrf_section_iter.c.o
 .debug_line    0x0000000000007a71      0x70d _build/nrf52832_xxaa/nrf_drv_ppi.c.o
 .debug_line    0x000000000000817e      0x780 _build/nrf52832_xxaa/nrf_drv_uart.c.o
 .debug_line    0x00000000000088fe      0xc0b _build/nrf52832_xxaa/nrfx_ppi.c.o
 .debug_line    0x0000000000009509      0x87c _build/nrf52832_xxaa/nrfx_prs.c.o
 .debug_line    0x0000000000009d85     0x1232 _build/nrf52832_xxaa/nrfx_saadc.c.o
 .debug_line    0x000000000000afb7      0xc74 _build/nrf52832_xxaa/nrfx_timer.c.o
 .debug_line    0x000000000000bc2b      0xf67 _build/nrf52832_xxaa/nrfx_uart.c.o
 .debug_line    0x000000000000cb92      0xea0 _build/nrf52832_xxaa/nrfx_uarte.c.o
 .debug_line    0x000000000000da32      0xbb9 _build/nrf52832_xxaa/main.c.o
 .debug_line    0x000000000000e5eb      0x46f _build/nrf52832_xxaa/system_nrf52.c.o

.debug_info     0x0000000000000000    0x267fa
 .debug_info    0x0000000000000000       0x26 _build/nrf52832_xxaa/gcc_startup_nrf52.S.o
 .debug_info    0x0000000000000026     0x10d4 _build/nrf52832_xxaa/nrf_log_backend_serial.c.o
 .debug_info    0x00000000000010fa     0x1a7a _build/nrf52832_xxaa/nrf_log_backend_uart.c.o
 .debug_info    0x0000000000002b74      0xc7b _build/nrf52832_xxaa/nrf_log_default_backends.c.o
 .debug_info    0x00000000000037ef     0x3848 _build/nrf52832_xxaa/nrf_log_frontend.c.o
 .debug_info    0x0000000000007037     0x132b _build/nrf52832_xxaa/nrf_log_str_formatter.c.o
 .debug_info    0x0000000000008362      0xaeb _build/nrf52832_xxaa/app_error.c.o
 .debug_info    0x0000000000008e4d      0xecd _build/nrf52832_xxaa/app_error_weak.c.o
 .debug_info    0x0000000000009d1a      0xfa6 _build/nrf52832_xxaa/app_util_platform.c.o
 .debug_info    0x000000000000acc0     0x122a _build/nrf52832_xxaa/nrf_atomic.c.o
 .debug_info    0x000000000000beea      0xd20 _build/nrf52832_xxaa/nrf_balloc.c.o
 .debug_info    0x000000000000cc0a      0xaa8 _build/nrf52832_xxaa/nrf_fprintf.c.o
 .debug_info    0x000000000000d6b2     0x11f5 _build/nrf52832_xxaa/nrf_fprintf_format.c.o
 .debug_info    0x000000000000e8a7     0x1320 _build/nrf52832_xxaa/nrf_memobj.c.o
 .debug_info    0x000000000000fbc7     0x1a0c _build/nrf52832_xxaa/nrf_pwr_mgmt.c.o
 .debug_info    0x00000000000115d3      0xdee _build/nrf52832_xxaa/nrf_ringbuf.c.o
 .debug_info    0x00000000000123c1      0xa21 _build/nrf52832_xxaa/nrf_section_iter.c.o
 .debug_info    0x0000000000012de2      0x990 _build/nrf52832_xxaa/nrf_drv_ppi.c.o
 .debug_info    0x0000000000013772     0x18e8 _build/nrf52832_xxaa/nrf_drv_uart.c.o
 .debug_info    0x000000000001505a     0x1b67 _build/nrf52832_xxaa/nrfx_ppi.c.o
 .debug_info    0x0000000000016bc1     0x107f _build/nrf52832_xxaa/nrfx_prs.c.o
 .debug_info    0x0000000000017c40     0x2d7f _build/nrf52832_xxaa/nrfx_saadc.c.o
 .debug_info    0x000000000001a9bf     0x227a _build/nrf52832_xxaa/nrfx_timer.c.o
 .debug_info    0x000000000001cc39     0x3825 _build/nrf52832_xxaa/nrfx_uart.c.o
 .debug_info    0x000000000002045e     0x352c _build/nrf52832_xxaa/nrfx_uarte.c.o
 .debug_info    0x000000000002398a     0x1d37 _build/nrf52832_xxaa/main.c.o
 .debug_info    0x00000000000256c1     0x1139 _build/nrf52832_xxaa/system_nrf52.c.o

.debug_abbrev   0x0000000000000000     0x5556
 .debug_abbrev  0x0000000000000000       0x14 _build/nrf52832_xxaa/gcc_startup_nrf52.S.o
 .debug_abbrev  0x0000000000000014      0x27f _build/nrf52832_xxaa/nrf_log_backend_serial.c.o
 .debug_abbrev  0x0000000000000293      0x3ca _build/nrf52832_xxaa/nrf_log_backend_uart.c.o
 .debug_abbrev  0x000000000000065d      0x256 _build/nrf52832_xxaa/nrf_log_default_backends.c.o
 .debug_abbrev  0x00000000000008b3      0x598 _build/nrf52832_xxaa/nrf_log_frontend.c.o
 .debug_abbrev  0x0000000000000e4b      0x2ba _build/nrf52832_xxaa/nrf_log_str_formatter.c.o
 .debug_abbrev  0x0000000000001105      0x235 _build/nrf52832_xxaa/app_error.c.o
 .debug_abbrev  0x000000000000133a      0x298 _build/nrf52832_xxaa/app_error_weak.c.o
 .debug_abbrev  0x00000000000015d2      0x326 _build/nrf52832_xxaa/app_util_platform.c.o
 .debug_abbrev  0x00000000000018f8      0x31f _build/nrf52832_xxaa/nrf_atomic.c.o
 .debug_abbrev  0x0000000000001c17      0x2f1 _build/nrf52832_xxaa/nrf_balloc.c.o
 .debug_abbrev  0x0000000000001f08      0x239 _build/nrf52832_xxaa/nrf_fprintf.c.o
 .debug_abbrev  0x0000000000002141      0x352 _build/nrf52832_xxaa/nrf_fprintf_format.c.o
 .debug_abbrev  0x0000000000002493      0x350 _build/nrf52832_xxaa/nrf_memobj.c.o
 .debug_abbrev  0x00000000000027e3      0x412 _build/nrf52832_xxaa/nrf_pwr_mgmt.c.o
 .debug_abbrev  0x0000000000002bf5      0x265 _build/nrf52832_xxaa/nrf_ringbuf.c.o
 .debug_abbrev  0x0000000000002e5a      0x1da _build/nrf52832_xxaa/nrf_section_iter.c.o
 .debug_abbrev  0x0000000000003034      0x214 _build/nrf52832_xxaa/nrf_drv_ppi.c.o
 .debug_abbrev  0x0000000000003248      0x298 _build/nrf52832_xxaa/nrf_drv_uart.c.o
 .debug_abbrev  0x00000000000034e0      0x402 _build/nrf52832_xxaa/nrfx_ppi.c.o
 .debug_abbrev  0x00000000000038e2      0x305 _build/nrf52832_xxaa/nrfx_prs.c.o
 .debug_abbrev  0x0000000000003be7      0x56d _build/nrf52832_xxaa/nrfx_saadc.c.o
 .debug_abbrev  0x0000000000004154      0x471 _build/nrf52832_xxaa/nrfx_timer.c.o
 .debug_abbrev  0x00000000000045c5      0x4fe _build/nrf52832_xxaa/nrfx_uart.c.o
 .debug_abbrev  0x0000000000004ac3      0x4f5 _build/nrf52832_xxaa/nrfx_uarte.c.o
 .debug_abbrev  0x0000000000004fb8      0x3bc _build/nrf52832_xxaa/main.c.o
 .debug_abbrev  0x0000000000005374      0x1e2 _build/nrf52832_xxaa/system_nrf52.c.o

.debug_aranges  0x0000000000000000      0x7c8
 .debug_aranges
                0x0000000000000000       0x20 _build/nrf52832_xxaa/gcc_startup_nrf52.S.o
 .debug_aranges
                0x0000000000000020       0x20 _build/nrf52832_xxaa/nrf_log_backend_serial.c.o
 .debug_aranges
                0x0000000000000040       0x48 _build/nrf52832_xxaa/nrf_log_backend_uart.c.o
 .debug_aranges
                0x0000000000000088       0x20 _build/nrf52832_xxaa/nrf_log_default_backends.c.o
 .debug_aranges
                0x00000000000000a8       0xc8 _build/nrf52832_xxaa/nrf_log_frontend.c.o
 .debug_aranges
                0x0000000000000170       0x30 _build/nrf52832_xxaa/nrf_log_str_formatter.c.o
 .debug_aranges
                0x00000000000001a0       0x28 _build/nrf52832_xxaa/app_error.c.o
 .debug_aranges
                0x00000000000001c8       0x20 _build/nrf52832_xxaa/app_error_weak.c.o
 .debug_aranges
                0x00000000000001e8       0x48 _build/nrf52832_xxaa/app_util_platform.c.o
 .debug_aranges
                0x0000000000000230       0xb0 _build/nrf52832_xxaa/nrf_atomic.c.o
 .debug_aranges
                0x00000000000002e0       0x30 _build/nrf52832_xxaa/nrf_balloc.c.o
 .debug_aranges
                0x0000000000000310       0x28 _build/nrf52832_xxaa/nrf_fprintf.c.o
 .debug_aranges
                0x0000000000000338       0x28 _build/nrf52832_xxaa/nrf_fprintf_format.c.o
 .debug_aranges
                0x0000000000000360       0x50 _build/nrf52832_xxaa/nrf_memobj.c.o
 .debug_aranges
                0x00000000000003b0       0x38 _build/nrf52832_xxaa/nrf_pwr_mgmt.c.o
 .debug_aranges
                0x00000000000003e8       0x50 _build/nrf52832_xxaa/nrf_ringbuf.c.o
 .debug_aranges
                0x0000000000000438       0x28 _build/nrf52832_xxaa/nrf_section_iter.c.o
 .debug_aranges
                0x0000000000000460       0x28 _build/nrf52832_xxaa/nrf_drv_ppi.c.o
 .debug_aranges
                0x0000000000000488       0x30 _build/nrf52832_xxaa/nrf_drv_uart.c.o
 .debug_aranges
                0x00000000000004b8       0x80 _build/nrf52832_xxaa/nrfx_ppi.c.o
 .debug_aranges
                0x0000000000000538       0x30 _build/nrf52832_xxaa/nrfx_prs.c.o
 .debug_aranges
                0x0000000000000568       0x80 _build/nrf52832_xxaa/nrfx_saadc.c.o
 .debug_aranges
                0x00000000000005e8       0x90 _build/nrf52832_xxaa/nrfx_timer.c.o
 .debug_aranges
                0x0000000000000678       0x78 _build/nrf52832_xxaa/nrfx_uart.c.o
 .debug_aranges
                0x00000000000006f0       0x68 _build/nrf52832_xxaa/nrfx_uarte.c.o
 .debug_aranges
                0x0000000000000758       0x48 _build/nrf52832_xxaa/main.c.o
 .debug_aranges
                0x00000000000007a0       0x28 _build/nrf52832_xxaa/system_nrf52.c.o

.debug_str      0x0000000000000000    0x7cb59
 .debug_str     0x0000000000000000       0x9f _build/nrf52832_xxaa/gcc_startup_nrf52.S.o
 .debug_str     0x000000000000009f    0x6db70 _build/nrf52832_xxaa/nrf_log_backend_serial.c.o
                                      0x6ec9e (size before relaxing)
 .debug_str     0x000000000006dc0f     0x40b1 _build/nrf52832_xxaa/nrf_log_backend_uart.c.o
                                      0x72888 (size before relaxing)
 .debug_str     0x0000000000071cc0      0x11c _build/nrf52832_xxaa/nrf_log_default_backends.c.o
                                      0x6ea55 (size before relaxing)
 .debug_str     0x0000000000071ddc     0x1366 _build/nrf52832_xxaa/nrf_log_frontend.c.o
                                      0x6ff00 (size before relaxing)
 .debug_str     0x0000000000073142      0x689 _build/nrf52832_xxaa/nrf_log_str_formatter.c.o
                                      0x6f19b (size before relaxing)
 .debug_str     0x00000000000737cb       0xf4 _build/nrf52832_xxaa/app_error.c.o
                                      0x60a82 (size before relaxing)
 .debug_str     0x00000000000738bf       0xd9 _build/nrf52832_xxaa/app_error_weak.c.o
                                      0x6f11e (size before relaxing)
 .debug_str     0x0000000000073998      0x3a7 _build/nrf52832_xxaa/app_util_platform.c.o
                                      0x61274 (size before relaxing)
 .debug_str     0x0000000000073d3f      0x6b9 _build/nrf52832_xxaa/nrf_atomic.c.o
                                      0x6ab7a (size before relaxing)
 .debug_str     0x00000000000743f8      0x164 _build/nrf52832_xxaa/nrf_balloc.c.o
                                      0x6eab6 (size before relaxing)
 .debug_str     0x000000000007455c      0x144 _build/nrf52832_xxaa/nrf_fprintf.c.o
                                      0x6a7d3 (size before relaxing)
 .debug_str     0x00000000000746a0      0x11d _build/nrf52832_xxaa/nrf_fprintf_format.c.o
                                      0x6a8c8 (size before relaxing)
 .debug_str     0x00000000000747bd      0x1ac _build/nrf52832_xxaa/nrf_memobj.c.o
                                      0x6ce80 (size before relaxing)
 .debug_str     0x0000000000074969      0xef2 _build/nrf52832_xxaa/nrf_pwr_mgmt.c.o
                                      0x731c9 (size before relaxing)
 .debug_str     0x000000000007585b       0xdc _build/nrf52832_xxaa/nrf_ringbuf.c.o
                                      0x6b57f (size before relaxing)
 .debug_str     0x0000000000075937       0x54 _build/nrf52832_xxaa/nrf_section_iter.c.o
                                      0x6a9a2 (size before relaxing)
 .debug_str     0x000000000007598b      0x713 _build/nrf52832_xxaa/nrf_drv_ppi.c.o
                                      0x6e322 (size before relaxing)
 .debug_str     0x000000000007609e      0x470 _build/nrf52832_xxaa/nrf_drv_uart.c.o
                                      0x6f0af (size before relaxing)
 .debug_str     0x000000000007650e      0x92c _build/nrf52832_xxaa/nrfx_ppi.c.o
                                      0x71654 (size before relaxing)
 .debug_str     0x0000000000076e3a      0x341 _build/nrf52832_xxaa/nrfx_prs.c.o
                                      0x712c6 (size before relaxing)
 .debug_str     0x000000000007717b     0x17cf _build/nrf52832_xxaa/nrfx_saadc.c.o
                                      0x72ba4 (size before relaxing)
 .debug_str     0x000000000007894a     0x1052 _build/nrf52832_xxaa/nrfx_timer.c.o
                                      0x723e8 (size before relaxing)
 .debug_str     0x000000000007999c      0x9f5 _build/nrf52832_xxaa/nrfx_uart.c.o
                                      0x72477 (size before relaxing)
 .debug_str     0x000000000007a391      0x8c8 _build/nrf52832_xxaa/nrfx_uarte.c.o
                                      0x72869 (size before relaxing)
 .debug_str     0x000000000007ac59     0x1b9e _build/nrf52832_xxaa/main.c.o
                                      0x760b0 (size before relaxing)
 .debug_str     0x000000000007c7f7      0x362 _build/nrf52832_xxaa/system_nrf52.c.o
                                      0x5c488 (size before relaxing)

.debug_loc      0x0000000000000000     0xadfc
 .debug_loc     0x0000000000000000      0x160 _build/nrf52832_xxaa/nrf_log_backend_serial.c.o
 .debug_loc     0x0000000000000160      0x227 _build/nrf52832_xxaa/nrf_log_backend_uart.c.o
 .debug_loc     0x0000000000000387       0x15 _build/nrf52832_xxaa/nrf_log_default_backends.c.o
 .debug_loc     0x000000000000039c     0x27e7 _build/nrf52832_xxaa/nrf_log_frontend.c.o
 .debug_loc     0x0000000000002b83      0x471 _build/nrf52832_xxaa/nrf_log_str_formatter.c.o
 .debug_loc     0x0000000000002ff4       0xca _build/nrf52832_xxaa/app_error.c.o
 .debug_loc     0x00000000000030be       0x63 _build/nrf52832_xxaa/app_error_weak.c.o
 .debug_loc     0x0000000000003121       0xc3 _build/nrf52832_xxaa/app_util_platform.c.o
 .debug_loc     0x00000000000031e4      0x35c _build/nrf52832_xxaa/nrf_atomic.c.o
 .debug_loc     0x0000000000003540      0x21b _build/nrf52832_xxaa/nrf_balloc.c.o
 .debug_loc     0x000000000000375b       0x4a _build/nrf52832_xxaa/nrf_fprintf.c.o
 .debug_loc     0x00000000000037a5      0xf00 _build/nrf52832_xxaa/nrf_fprintf_format.c.o
 .debug_loc     0x00000000000046a5      0xb27 _build/nrf52832_xxaa/nrf_memobj.c.o
 .debug_loc     0x00000000000051cc       0x91 _build/nrf52832_xxaa/nrf_pwr_mgmt.c.o
 .debug_loc     0x000000000000525d      0x5d5 _build/nrf52832_xxaa/nrf_ringbuf.c.o
 .debug_loc     0x0000000000005832      0x1ae _build/nrf52832_xxaa/nrf_drv_uart.c.o
 .debug_loc     0x00000000000059e0      0x8c4 _build/nrf52832_xxaa/nrfx_ppi.c.o
 .debug_loc     0x00000000000062a4       0xc6 _build/nrf52832_xxaa/nrfx_prs.c.o
 .debug_loc     0x000000000000636a     0x1325 _build/nrf52832_xxaa/nrfx_saadc.c.o
 .debug_loc     0x000000000000768f      0x870 _build/nrf52832_xxaa/nrfx_timer.c.o
 .debug_loc     0x0000000000007eff     0x1902 _build/nrf52832_xxaa/nrfx_uart.c.o
 .debug_loc     0x0000000000009801     0x1352 _build/nrf52832_xxaa/nrfx_uarte.c.o
 .debug_loc     0x000000000000ab53      0x2a9 _build/nrf52832_xxaa/main.c.o

.debug_ranges   0x0000000000000000     0x2b40
 .debug_ranges  0x0000000000000000       0x28 _build/nrf52832_xxaa/nrf_log_backend_serial.c.o
 .debug_ranges  0x0000000000000028       0xb0 _build/nrf52832_xxaa/nrf_log_backend_uart.c.o
 .debug_ranges  0x00000000000000d8       0x10 _build/nrf52832_xxaa/nrf_log_default_backends.c.o
 .debug_ranges  0x00000000000000e8      0x860 _build/nrf52832_xxaa/nrf_log_frontend.c.o
 .debug_ranges  0x0000000000000948       0xb0 _build/nrf52832_xxaa/nrf_log_str_formatter.c.o
 .debug_ranges  0x00000000000009f8       0x18 _build/nrf52832_xxaa/app_error.c.o
 .debug_ranges  0x0000000000000a10       0x10 _build/nrf52832_xxaa/app_error_weak.c.o
 .debug_ranges  0x0000000000000a20       0x50 _build/nrf52832_xxaa/app_util_platform.c.o
 .debug_ranges  0x0000000000000a70       0xb8 _build/nrf52832_xxaa/nrf_atomic.c.o
 .debug_ranges  0x0000000000000b28       0x38 _build/nrf52832_xxaa/nrf_balloc.c.o
 .debug_ranges  0x0000000000000b60       0x18 _build/nrf52832_xxaa/nrf_fprintf.c.o
 .debug_ranges  0x0000000000000b78      0x1e8 _build/nrf52832_xxaa/nrf_fprintf_format.c.o
 .debug_ranges  0x0000000000000d60       0xb0 _build/nrf52832_xxaa/nrf_memobj.c.o
 .debug_ranges  0x0000000000000e10       0x88 _build/nrf52832_xxaa/nrf_pwr_mgmt.c.o
 .debug_ranges  0x0000000000000e98       0x40 _build/nrf52832_xxaa/nrf_ringbuf.c.o
 .debug_ranges  0x0000000000000ed8       0x18 _build/nrf52832_xxaa/nrf_section_iter.c.o
 .debug_ranges  0x0000000000000ef0       0x18 _build/nrf52832_xxaa/nrf_drv_ppi.c.o
 .debug_ranges  0x0000000000000f08       0x20 _build/nrf52832_xxaa/nrf_drv_uart.c.o
 .debug_ranges  0x0000000000000f28      0x260 _build/nrf52832_xxaa/nrfx_ppi.c.o
 .debug_ranges  0x0000000000001188       0x38 _build/nrf52832_xxaa/nrfx_prs.c.o
 .debug_ranges  0x00000000000011c0      0xb50 _build/nrf52832_xxaa/nrfx_saadc.c.o
 .debug_ranges  0x0000000000001d10      0x2a0 _build/nrf52832_xxaa/nrfx_timer.c.o
 .debug_ranges  0x0000000000001fb0      0x4a0 _build/nrf52832_xxaa/nrfx_uart.c.o
 .debug_ranges  0x0000000000002450      0x418 _build/nrf52832_xxaa/nrfx_uarte.c.o
 .debug_ranges  0x0000000000002868      0x170 _build/nrf52832_xxaa/main.c.o
 .debug_ranges  0x00000000000029d8      0x168 _build/nrf52832_xxaa/system_nrf52.c.o

.debug_macro    0x0000000000000000     0x7031
 .debug_macro   0x0000000000000000      0x371 _build/nrf52832_xxaa/nrf_log_backend_serial.c.o
 .debug_macro   0x0000000000000371       0x16 _build/nrf52832_xxaa/nrf_log_backend_serial.c.o
 .debug_macro   0x0000000000000387       0x22 _build/nrf52832_xxaa/nrf_log_backend_serial.c.o
 .debug_macro   0x00000000000003a9       0x1c _build/nrf52832_xxaa/nrf_log_backend_serial.c.o
 .debug_macro   0x00000000000003c5       0x10 _build/nrf52832_xxaa/nrf_log_backend_serial.c.o
 .debug_macro   0x00000000000003d5       0x10 _build/nrf52832_xxaa/nrf_log_backend_serial.c.o
 .debug_macro   0x00000000000003e5       0xb6 _build/nrf52832_xxaa/nrf_log_backend_serial.c.o
 .debug_macro   0x000000000000049b       0x16 _build/nrf52832_xxaa/nrf_log_backend_serial.c.o
 .debug_macro   0x00000000000004b1      0x129 _build/nrf52832_xxaa/nrf_log_backend_serial.c.o
 .debug_macro   0x00000000000005da       0x49 _build/nrf52832_xxaa/nrf_log_backend_serial.c.o
 .debug_macro   0x0000000000000623       0x8c _build/nrf52832_xxaa/nrf_log_backend_serial.c.o
 .debug_macro   0x00000000000006af       0x31 _build/nrf52832_xxaa/nrf_log_backend_serial.c.o
 .debug_macro   0x00000000000006e0       0x55 _build/nrf52832_xxaa/nrf_log_backend_serial.c.o
 .debug_macro   0x0000000000000735       0x98 _build/nrf52832_xxaa/nrf_log_backend_serial.c.o
 .debug_macro   0x00000000000007cd       0x10 _build/nrf52832_xxaa/nrf_log_backend_serial.c.o
 .debug_macro   0x00000000000007dd       0x1d _build/nrf52832_xxaa/nrf_log_backend_serial.c.o
 .debug_macro   0x00000000000007fa       0x2e _build/nrf52832_xxaa/nrf_log_backend_serial.c.o
 .debug_macro   0x0000000000000828       0x1c _build/nrf52832_xxaa/nrf_log_backend_serial.c.o
 .debug_macro   0x0000000000000844      0x185 _build/nrf52832_xxaa/nrf_log_backend_serial.c.o
 .debug_macro   0x00000000000009c9      0x43e _build/nrf52832_xxaa/nrf_log_backend_uart.c.o
 .debug_macro   0x0000000000000e07      0x3a3 _build/nrf52832_xxaa/nrf_log_backend_uart.c.o
 .debug_macro   0x00000000000011aa       0x3d _build/nrf52832_xxaa/nrf_log_backend_uart.c.o
 .debug_macro   0x00000000000011e7      0x2bf _build/nrf52832_xxaa/nrf_log_backend_uart.c.o
 .debug_macro   0x00000000000014a6      0x11f _build/nrf52832_xxaa/nrf_log_backend_uart.c.o
 .debug_macro   0x00000000000015c5       0x5a _build/nrf52832_xxaa/nrf_log_backend_uart.c.o
 .debug_macro   0x000000000000161f       0x16 _build/nrf52832_xxaa/nrf_log_backend_uart.c.o
 .debug_macro   0x0000000000001635       0x82 _build/nrf52832_xxaa/nrf_log_backend_uart.c.o
 .debug_macro   0x00000000000016b7       0x64 _build/nrf52832_xxaa/nrf_log_backend_uart.c.o
 .debug_macro   0x000000000000171b       0x20 _build/nrf52832_xxaa/nrf_log_backend_uart.c.o
 .debug_macro   0x000000000000173b       0x10 _build/nrf52832_xxaa/nrf_log_backend_uart.c.o
 .debug_macro   0x000000000000174b       0x10 _build/nrf52832_xxaa/nrf_log_backend_uart.c.o
 .debug_macro   0x000000000000175b       0x10 _build/nrf52832_xxaa/nrf_log_backend_uart.c.o
 .debug_macro   0x000000000000176b       0x10 _build/nrf52832_xxaa/nrf_log_backend_uart.c.o
 .debug_macro   0x000000000000177b       0x10 _build/nrf52832_xxaa/nrf_log_backend_uart.c.o
 .debug_macro   0x000000000000178b       0x3f _build/nrf52832_xxaa/nrf_log_backend_uart.c.o
 .debug_macro   0x00000000000017ca      0x362 _build/nrf52832_xxaa/nrf_log_default_backends.c.o
 .debug_macro   0x0000000000001b2c       0x10 _build/nrf52832_xxaa/nrf_log_default_backends.c.o
 .debug_macro   0x0000000000001b3c      0x3e3 _build/nrf52832_xxaa/nrf_log_frontend.c.o
 .debug_macro   0x0000000000001f1f       0x16 _build/nrf52832_xxaa/nrf_log_frontend.c.o
 .debug_macro   0x0000000000001f35       0x9a _build/nrf52832_xxaa/nrf_log_frontend.c.o
 .debug_macro   0x0000000000001fcf       0x9e _build/nrf52832_xxaa/nrf_log_frontend.c.o
 .debug_macro   0x000000000000206d      0x3ad _build/nrf52832_xxaa/nrf_log_str_formatter.c.o
 .debug_macro   0x000000000000241a       0x9c _build/nrf52832_xxaa/nrf_log_str_formatter.c.o
 .debug_macro   0x00000000000024b6      0x21f _build/nrf52832_xxaa/app_error.c.o
 .debug_macro   0x00000000000026d5       0x35 _build/nrf52832_xxaa/app_error.c.o
 .debug_macro   0x000000000000270a       0x97 _build/nrf52832_xxaa/app_error.c.o
 .debug_macro   0x00000000000027a1       0xf6 _build/nrf52832_xxaa/app_error.c.o
 .debug_macro   0x0000000000002897      0x361 _build/nrf52832_xxaa/app_error_weak.c.o
 .debug_macro   0x0000000000002bf8       0x16 _build/nrf52832_xxaa/app_error_weak.c.o
 .debug_macro   0x0000000000002c0e       0x92 _build/nrf52832_xxaa/app_error_weak.c.o
 .debug_macro   0x0000000000002ca0      0x235 _build/nrf52832_xxaa/app_util_platform.c.o
 .debug_macro   0x0000000000002ed5      0x223 _build/nrf52832_xxaa/nrf_atomic.c.o
 .debug_macro   0x00000000000030f8       0x42 _build/nrf52832_xxaa/nrf_atomic.c.o
 .debug_macro   0x000000000000313a      0x326 _build/nrf52832_xxaa/nrf_balloc.c.o
 .debug_macro   0x0000000000003460       0x10 _build/nrf52832_xxaa/nrf_balloc.c.o
 .debug_macro   0x0000000000003470      0x22f _build/nrf52832_xxaa/nrf_fprintf.c.o
 .debug_macro   0x000000000000369f       0x58 _build/nrf52832_xxaa/nrf_fprintf.c.o
 .debug_macro   0x00000000000036f7      0x241 _build/nrf52832_xxaa/nrf_fprintf_format.c.o
 .debug_macro   0x0000000000003938      0x309 _build/nrf52832_xxaa/nrf_memobj.c.o
 .debug_macro   0x0000000000003c41      0x10e _build/nrf52832_xxaa/nrf_memobj.c.o
 .debug_macro   0x0000000000003d4f       0x86 _build/nrf52832_xxaa/nrf_memobj.c.o
 .debug_macro   0x0000000000003dd5       0x54 _build/nrf52832_xxaa/nrf_memobj.c.o
 .debug_macro   0x0000000000003e29      0x4cf _build/nrf52832_xxaa/nrf_pwr_mgmt.c.o
 .debug_macro   0x00000000000042f8       0x11 _build/nrf52832_xxaa/nrf_pwr_mgmt.c.o
 .debug_macro   0x0000000000004309       0x10 _build/nrf52832_xxaa/nrf_pwr_mgmt.c.o
 .debug_macro   0x0000000000004319       0x45 _build/nrf52832_xxaa/nrf_pwr_mgmt.c.o
 .debug_macro   0x000000000000435e       0x22 _build/nrf52832_xxaa/nrf_pwr_mgmt.c.o
 .debug_macro   0x0000000000004380      0x17f _build/nrf52832_xxaa/nrf_pwr_mgmt.c.o
 .debug_macro   0x00000000000044ff      0x2b8 _build/nrf52832_xxaa/nrf_ringbuf.c.o
 .debug_macro   0x00000000000047b7      0x232 _build/nrf52832_xxaa/nrf_section_iter.c.o
 .debug_macro   0x00000000000049e9      0x326 _build/nrf52832_xxaa/nrf_drv_ppi.c.o
 .debug_macro   0x0000000000004d0f       0x10 _build/nrf52832_xxaa/nrf_drv_ppi.c.o
 .debug_macro   0x0000000000004d1f       0x16 _build/nrf52832_xxaa/nrf_drv_ppi.c.o
 .debug_macro   0x0000000000004d35       0x88 _build/nrf52832_xxaa/nrf_drv_ppi.c.o
 .debug_macro   0x0000000000004dbd      0x34f _build/nrf52832_xxaa/nrf_drv_uart.c.o
 .debug_macro   0x000000000000510c      0x3b9 _build/nrf52832_xxaa/nrfx_ppi.c.o
 .debug_macro   0x00000000000054c5       0x1c _build/nrf52832_xxaa/nrfx_ppi.c.o
 .debug_macro   0x00000000000054e1       0x37 _build/nrf52832_xxaa/nrfx_ppi.c.o
 .debug_macro   0x0000000000005518       0x42 _build/nrf52832_xxaa/nrfx_ppi.c.o
 .debug_macro   0x000000000000555a      0x3bc _build/nrf52832_xxaa/nrfx_prs.c.o
 .debug_macro   0x0000000000005916       0x28 _build/nrf52832_xxaa/nrfx_prs.c.o
 .debug_macro   0x000000000000593e      0x3e3 _build/nrf52832_xxaa/nrfx_saadc.c.o
 .debug_macro   0x0000000000005d21       0x10 _build/nrf52832_xxaa/nrfx_saadc.c.o
 .debug_macro   0x0000000000005d31       0x22 _build/nrf52832_xxaa/nrfx_saadc.c.o
 .debug_macro   0x0000000000005d53      0x3c7 _build/nrf52832_xxaa/nrfx_timer.c.o
 .debug_macro   0x000000000000611a       0x22 _build/nrf52832_xxaa/nrfx_timer.c.o
 .debug_macro   0x000000000000613c       0x10 _build/nrf52832_xxaa/nrfx_timer.c.o
 .debug_macro   0x000000000000614c      0x3d7 _build/nrf52832_xxaa/nrfx_uart.c.o
 .debug_macro   0x0000000000006523       0x1c _build/nrf52832_xxaa/nrfx_uart.c.o
 .debug_macro   0x000000000000653f      0x3e9 _build/nrf52832_xxaa/nrfx_uarte.c.o
 .debug_macro   0x0000000000006928      0x4d0 _build/nrf52832_xxaa/main.c.o
 .debug_macro   0x0000000000006df8       0x94 _build/nrf52832_xxaa/main.c.o
 .debug_macro   0x0000000000006e8c       0x94 _build/nrf52832_xxaa/main.c.o
 .debug_macro   0x0000000000006f20       0x10 _build/nrf52832_xxaa/main.c.o
 .debug_macro   0x0000000000006f30       0x10 _build/nrf52832_xxaa/main.c.o
 .debug_macro   0x0000000000006f40       0xf1 _build/nrf52832_xxaa/system_nrf52.c.o

.debug_frame    0x0000000000000000     0x166c
 .debug_frame   0x0000000000000000       0x40 _build/nrf52832_xxaa/nrf_log_backend_serial.c.o
 .debug_frame   0x0000000000000040       0xb0 _build/nrf52832_xxaa/nrf_log_backend_uart.c.o
 .debug_frame   0x00000000000000f0       0x28 _build/nrf52832_xxaa/nrf_log_default_backends.c.o
 .debug_frame   0x0000000000000118      0x300 _build/nrf52832_xxaa/nrf_log_frontend.c.o
 .debug_frame   0x0000000000000418       0x7c _build/nrf52832_xxaa/nrf_log_str_formatter.c.o
 .debug_frame   0x0000000000000494       0x54 _build/nrf52832_xxaa/app_error.c.o
 .debug_frame   0x00000000000004e8       0x28 _build/nrf52832_xxaa/app_error_weak.c.o
 .debug_frame   0x0000000000000510       0x70 _build/nrf52832_xxaa/app_util_platform.c.o
 .debug_frame   0x0000000000000580      0x150 _build/nrf52832_xxaa/nrf_atomic.c.o
 .debug_frame   0x00000000000006d0       0x6c _build/nrf52832_xxaa/nrf_balloc.c.o
 .debug_frame   0x000000000000073c       0x5c _build/nrf52832_xxaa/nrf_fprintf.c.o
 .debug_frame   0x0000000000000798       0x9c _build/nrf52832_xxaa/nrf_fprintf_format.c.o
 .debug_frame   0x0000000000000834       0xd8 _build/nrf52832_xxaa/nrf_memobj.c.o
 .debug_frame   0x000000000000090c       0x70 _build/nrf52832_xxaa/nrf_pwr_mgmt.c.o
 .debug_frame   0x000000000000097c       0xd8 _build/nrf52832_xxaa/nrf_ringbuf.c.o
 .debug_frame   0x0000000000000a54       0x30 _build/nrf52832_xxaa/nrf_section_iter.c.o
 .debug_frame   0x0000000000000a84       0x3c _build/nrf52832_xxaa/nrf_drv_ppi.c.o
 .debug_frame   0x0000000000000ac0       0x7c _build/nrf52832_xxaa/nrf_drv_uart.c.o
 .debug_frame   0x0000000000000b3c      0x168 _build/nrf52832_xxaa/nrfx_ppi.c.o
 .debug_frame   0x0000000000000ca4       0x4c _build/nrf52832_xxaa/nrfx_prs.c.o
 .debug_frame   0x0000000000000cf0      0x224 _build/nrf52832_xxaa/nrfx_saadc.c.o
 .debug_frame   0x0000000000000f14      0x19c _build/nrf52832_xxaa/nrfx_timer.c.o
 .debug_frame   0x00000000000010b0      0x198 _build/nrf52832_xxaa/nrfx_uart.c.o
 .debug_frame   0x0000000000001248      0x188 _build/nrf52832_xxaa/nrfx_uarte.c.o
 .debug_frame   0x00000000000013d0       0xb4 _build/nrf52832_xxaa/main.c.o
 .debug_frame   0x0000000000001484       0x40 _build/nrf52832_xxaa/system_nrf52.c.o
 .debug_frame   0x00000000000014c4       0x28 /Users/anita/opt/gcc-arm-none-eabi-7-2017-q4-major/bin/../lib/gcc/arm-none-eabi/7.2.1/../../../../arm-none-eabi/lib/thumb/v7e-m/fpv4-sp/hard/libc_nano.a(lib_a-exit.o)
 .debug_frame   0x00000000000014ec       0x2c /Users/anita/opt/gcc-arm-none-eabi-7-2017-q4-major/bin/../lib/gcc/arm-none-eabi/7.2.1/../../../../arm-none-eabi/lib/thumb/v7e-m/fpv4-sp/hard/libc_nano.a(lib_a-init.o)
 .debug_frame   0x0000000000001518       0x68 /Users/anita/opt/gcc-arm-none-eabi-7-2017-q4-major/bin/../lib/gcc/arm-none-eabi/7.2.1/../../../../arm-none-eabi/lib/thumb/v7e-m/fpv4-sp/hard/libc_nano.a(lib_a-locale.o)
 .debug_frame   0x0000000000001580       0x48 /Users/anita/opt/gcc-arm-none-eabi-7-2017-q4-major/bin/../lib/gcc/arm-none-eabi/7.2.1/../../../../arm-none-eabi/lib/thumb/v7e-m/fpv4-sp/hard/libc_nano.a(lib_a-mbtowc_r.o)
 .debug_frame   0x00000000000015c8       0x28 /Users/anita/opt/gcc-arm-none-eabi-7-2017-q4-major/bin/../lib/gcc/arm-none-eabi/7.2.1/../../../../arm-none-eabi/lib/thumb/v7e-m/fpv4-sp/hard/libc_nano.a(lib_a-memcpy-stub.o)
 .debug_frame   0x00000000000015f0       0x20 /Users/anita/opt/gcc-arm-none-eabi-7-2017-q4-major/bin/../lib/gcc/arm-none-eabi/7.2.1/../../../../arm-none-eabi/lib/thumb/v7e-m/fpv4-sp/hard/libc_nano.a(lib_a-memset.o)
 .debug_frame   0x0000000000001610       0x3c /Users/anita/opt/gcc-arm-none-eabi-7-2017-q4-major/bin/../lib/gcc/arm-none-eabi/7.2.1/../../../../arm-none-eabi/lib/thumb/v7e-m/fpv4-sp/hard/libc_nano.a(lib_a-wctomb_r.o)
 .debug_frame   0x000000000000164c       0x20 /Users/anita/opt/gcc-arm-none-eabi-7-2017-q4-major/bin/../lib/gcc/arm-none-eabi/7.2.1/../../../../arm-none-eabi/lib/thumb/v7e-m/fpv4-sp/hard/libnosys.a(_exit.o)
